Archive member included to satisfy reference by file (symbol)

/usr/local/Caskroom/gcc-arm-embedded/9-2019-q4-major/gcc-arm-none-eabi-9-2019-q4-major/bin/../lib/gcc/arm-none-eabi/9.2.1/../../../../arm-none-eabi/lib/thumb/v7e-m+fp/hard/libc_nano.a(lib_a-exit.o)
                              /usr/local/Caskroom/gcc-arm-embedded/9-2019-q4-major/gcc-arm-none-eabi-9-2019-q4-major/bin/../lib/gcc/arm-none-eabi/9.2.1/../../../../arm-none-eabi/lib/thumb/v7e-m+fp/hard/crt0.o (exit)
/usr/local/Caskroom/gcc-arm-embedded/9-2019-q4-major/gcc-arm-none-eabi-9-2019-q4-major/bin/../lib/gcc/arm-none-eabi/9.2.1/../../../../arm-none-eabi/lib/thumb/v7e-m+fp/hard/libc_nano.a(lib_a-impure.o)
                              /usr/local/Caskroom/gcc-arm-embedded/9-2019-q4-major/gcc-arm-none-eabi-9-2019-q4-major/bin/../lib/gcc/arm-none-eabi/9.2.1/../../../../arm-none-eabi/lib/thumb/v7e-m+fp/hard/libc_nano.a(lib_a-exit.o) (_global_impure_ptr)
/usr/local/Caskroom/gcc-arm-embedded/9-2019-q4-major/gcc-arm-none-eabi-9-2019-q4-major/bin/../lib/gcc/arm-none-eabi/9.2.1/../../../../arm-none-eabi/lib/thumb/v7e-m+fp/hard/libc_nano.a(lib_a-init.o)
                              /usr/local/Caskroom/gcc-arm-embedded/9-2019-q4-major/gcc-arm-none-eabi-9-2019-q4-major/bin/../lib/gcc/arm-none-eabi/9.2.1/../../../../arm-none-eabi/lib/thumb/v7e-m+fp/hard/crt0.o (__libc_init_array)
/usr/local/Caskroom/gcc-arm-embedded/9-2019-q4-major/gcc-arm-none-eabi-9-2019-q4-major/bin/../lib/gcc/arm-none-eabi/9.2.1/../../../../arm-none-eabi/lib/thumb/v7e-m+fp/hard/libc_nano.a(lib_a-memset.o)
                              /usr/local/Caskroom/gcc-arm-embedded/9-2019-q4-major/gcc-arm-none-eabi-9-2019-q4-major/bin/../lib/gcc/arm-none-eabi/9.2.1/../../../../arm-none-eabi/lib/thumb/v7e-m+fp/hard/crt0.o (memset)
/usr/local/Caskroom/gcc-arm-embedded/9-2019-q4-major/gcc-arm-none-eabi-9-2019-q4-major/bin/../lib/gcc/arm-none-eabi/9.2.1/../../../../arm-none-eabi/lib/thumb/v7e-m+fp/hard/libnosys.a(_exit.o)
                              /usr/local/Caskroom/gcc-arm-embedded/9-2019-q4-major/gcc-arm-none-eabi-9-2019-q4-major/bin/../lib/gcc/arm-none-eabi/9.2.1/../../../../arm-none-eabi/lib/thumb/v7e-m+fp/hard/libc_nano.a(lib_a-exit.o) (_exit)
/usr/local/Caskroom/gcc-arm-embedded/9-2019-q4-major/gcc-arm-none-eabi-9-2019-q4-major/bin/../lib/gcc/arm-none-eabi/9.2.1/thumb/v7e-m+fp/hard/libgcc.a(_aeabi_ldivmod.o)
                              _build/nrf52840_xxaa_arm_softmax_q15.c.o (__aeabi_ldivmod)
/usr/local/Caskroom/gcc-arm-embedded/9-2019-q4-major/gcc-arm-none-eabi-9-2019-q4-major/bin/../lib/gcc/arm-none-eabi/9.2.1/thumb/v7e-m+fp/hard/libgcc.a(_udivmoddi4.o)
                              /usr/local/Caskroom/gcc-arm-embedded/9-2019-q4-major/gcc-arm-none-eabi-9-2019-q4-major/bin/../lib/gcc/arm-none-eabi/9.2.1/thumb/v7e-m+fp/hard/libgcc.a(_aeabi_ldivmod.o) (__udivmoddi4)
/usr/local/Caskroom/gcc-arm-embedded/9-2019-q4-major/gcc-arm-none-eabi-9-2019-q4-major/bin/../lib/gcc/arm-none-eabi/9.2.1/thumb/v7e-m+fp/hard/libgcc.a(unwind-arm.o)
                              _build/nrf52840_xxaa_Mnist-Keras.cpp.o (__aeabi_unwind_cpp_pr0)
/usr/local/Caskroom/gcc-arm-embedded/9-2019-q4-major/gcc-arm-none-eabi-9-2019-q4-major/bin/../lib/gcc/arm-none-eabi/9.2.1/thumb/v7e-m+fp/hard/libgcc.a(libunwind.o)
                              /usr/local/Caskroom/gcc-arm-embedded/9-2019-q4-major/gcc-arm-none-eabi-9-2019-q4-major/bin/../lib/gcc/arm-none-eabi/9.2.1/thumb/v7e-m+fp/hard/libgcc.a(unwind-arm.o) (restore_core_regs)
/usr/local/Caskroom/gcc-arm-embedded/9-2019-q4-major/gcc-arm-none-eabi-9-2019-q4-major/bin/../lib/gcc/arm-none-eabi/9.2.1/thumb/v7e-m+fp/hard/libgcc.a(pr-support.o)
                              /usr/local/Caskroom/gcc-arm-embedded/9-2019-q4-major/gcc-arm-none-eabi-9-2019-q4-major/bin/../lib/gcc/arm-none-eabi/9.2.1/thumb/v7e-m+fp/hard/libgcc.a(unwind-arm.o) (__gnu_unwind_execute)
/usr/local/Caskroom/gcc-arm-embedded/9-2019-q4-major/gcc-arm-none-eabi-9-2019-q4-major/bin/../lib/gcc/arm-none-eabi/9.2.1/thumb/v7e-m+fp/hard/libgcc.a(_dvmd_tls.o)
                              /usr/local/Caskroom/gcc-arm-embedded/9-2019-q4-major/gcc-arm-none-eabi-9-2019-q4-major/bin/../lib/gcc/arm-none-eabi/9.2.1/thumb/v7e-m+fp/hard/libgcc.a(_aeabi_ldivmod.o) (__aeabi_ldiv0)
/usr/local/Caskroom/gcc-arm-embedded/9-2019-q4-major/gcc-arm-none-eabi-9-2019-q4-major/bin/../lib/gcc/arm-none-eabi/9.2.1/../../../../arm-none-eabi/lib/thumb/v7e-m+fp/hard/libc_nano.a(lib_a-abort.o)
                              /usr/local/Caskroom/gcc-arm-embedded/9-2019-q4-major/gcc-arm-none-eabi-9-2019-q4-major/bin/../lib/gcc/arm-none-eabi/9.2.1/thumb/v7e-m+fp/hard/libgcc.a(unwind-arm.o) (abort)
/usr/local/Caskroom/gcc-arm-embedded/9-2019-q4-major/gcc-arm-none-eabi-9-2019-q4-major/bin/../lib/gcc/arm-none-eabi/9.2.1/../../../../arm-none-eabi/lib/thumb/v7e-m+fp/hard/libc_nano.a(lib_a-ctype_.o)
                              _build/nrf52840_xxaa_nrf_log_backend_serial.c.o (_ctype_)
[...]
Memory Configuration

Name             Origin             Length             Attributes
FLASH            0x0000000000000000 0x0000000000100000 xr
RAM              0x0000000020000000 0x0000000000040000 xrw
*default*        0x0000000000000000 0xffffffffffffffff

Linker script and memory map


.text           0x0000000000000000     0x55f8
 *(.isr_vector)
 .isr_vector    0x0000000000000000      0x400 _build/nrf52840_xxaa_gcc_startup_nrf52840.S.o
                0x0000000000000000                __isr_vector
 *(.text*)
 .text          0x0000000000000400       0x40 /usr/local/Caskroom/gcc-arm-embedded/9-2019-q4-major/gcc-arm-none-eabi-9-2019-q4-major/bin/../lib/gcc/arm-none-eabi/9.2.1/thumb/v7e-m+fp/hard/crtbegin.o
 .text          0x0000000000000440       0x74 /usr/local/Caskroom/gcc-arm-embedded/9-2019-q4-major/gcc-arm-none-eabi-9-2019-q4-major/bin/../lib/gcc/arm-none-eabi/9.2.1/../../../../arm-none-eabi/lib/thumb/v7e-m+fp/hard/crt0.o
                0x0000000000000440                _mainCRTStartup
                0x0000000000000440                _start
 .text.exit     0x00000000000004b4       0x28 /usr/local/Caskroom/gcc-arm-embedded/9-2019-q4-major/gcc-arm-none-eabi-9-2019-q4-major/bin/../lib/gcc/arm-none-eabi/9.2.1/../../../../arm-none-eabi/lib/thumb/v7e-m+fp/hard/libc_nano.a(lib_a-exit.o)
                0x00000000000004b4                exit
 .text.__libc_init_array
                0x00000000000004dc       0x48 /usr/local/Caskroom/gcc-arm-embedded/9-2019-q4-major/gcc-arm-none-eabi-9-2019-q4-major/bin/../lib/gcc/arm-none-eabi/9.2.1/../../../../arm-none-eabi/lib/thumb/v7e-m+fp/hard/libc_nano.a(lib_a-init.o)
                0x00000000000004dc                __libc_init_array
 .text.memset   0x0000000000000524       0x10 /usr/local/Caskroom/gcc-arm-embedded/9-2019-q4-major/gcc-arm-none-eabi-9-2019-q4-major/bin/../lib/gcc/arm-none-eabi/9.2.1/../../../../arm-none-eabi/lib/thumb/v7e-m+fp/hard/libc_nano.a(lib_a-memset.o)
                0x0000000000000524                memset
 .text._exit    0x0000000000000534        0x4 /usr/local/Caskroom/gcc-arm-embedded/9-2019-q4-major/gcc-arm-none-eabi-9-2019-q4-major/bin/../lib/gcc/arm-none-eabi/9.2.1/../../../../arm-none-eabi/lib/thumb/v7e-m+fp/hard/libnosys.a(_exit.o)
                0x0000000000000534                _exit
 .text.uart_event_handler
                0x0000000000000538       0x10 _build/nrf52840_xxaa_nrf_log_backend_serial.c.o
 .text.nrf_log_backend_init
                0x0000000000000548       0x90 _build/nrf52840_xxaa_nrf_log_backend_serial.c.o
                0x0000000000000548                nrf_log_backend_init
 .text.nrf_log_blocking_backend_set
                0x00000000000005d8        0x8 _build/nrf52840_xxaa_nrf_log_frontend.c.o
                0x00000000000005d8                nrf_log_blocking_backend_set
 .text.nrf_log_frontend_std_0
                0x00000000000005e0       0x7c _build/nrf52840_xxaa_nrf_log_frontend.c.o
                0x00000000000005e0                nrf_log_frontend_std_0
 .text.nrf_log_frontend_dequeue
                0x000000000000065c      0x148 _build/nrf52840_xxaa_nrf_log_frontend.c.o
                0x000000000000065c                nrf_log_frontend_dequeue
 .text.app_error_handler_bare
                0x00000000000007a4       0x20 _build/nrf52840_xxaa_app_error.c.o
                0x00000000000007a4                app_error_handler_bare
 .text.app_error_fault_handler
                0x00000000000007c4       0x4c _build/nrf52840_xxaa_app_error_weak.c.o
                0x00000000000007c4                app_error_fault_handler
 .text.app_util_critical_region_enter
                0x0000000000000810       0x10 _build/nrf52840_xxaa_app_util_platform.c.o
                0x0000000000000810                app_util_critical_region_enter
 .text.app_util_critical_region_exit
                0x0000000000000820       0x14 _build/nrf52840_xxaa_app_util_platform.c.o
                0x0000000000000820                app_util_critical_region_exit
 .text.RTC1_IRQHandler
                0x0000000000000834       0xc0 _build/nrf52840_xxaa_app_timer.c.o
                0x0000000000000834                RTC1_IRQHandler
 .text.SWI0_EGU0_IRQHandler
                0x00000000000008f4      0x50c _build/nrf52840_xxaa_app_timer.c.o
                0x00000000000008f4                SWI0_EGU0_IRQHandler
 .text.nrf_drv_timer_init
                0x0000000000000e00       0xc4 _build/nrf52840_xxaa_nrf_drv_timer.c.o
                0x0000000000000e00                nrf_drv_timer_init
 .text.nrf_drv_timer_enable
                0x0000000000000ec4       0x1c _build/nrf52840_xxaa_nrf_drv_timer.c.o
                0x0000000000000ec4                nrf_drv_timer_enable
 .text.nrf_drv_timer_disable
                0x0000000000000ee0       0x1c _build/nrf52840_xxaa_nrf_drv_timer.c.o
                0x0000000000000ee0                nrf_drv_timer_disable
 .text.nrf_drv_timer_extended_compare
                0x0000000000000efc       0x48 _build/nrf52840_xxaa_nrf_drv_timer.c.o
                0x0000000000000efc                nrf_drv_timer_extended_compare
 .text.TIMER0_IRQHandler
                0x0000000000000f44       0x58 _build/nrf52840_xxaa_nrf_drv_timer.c.o
                0x0000000000000f44                TIMER0_IRQHandler
 .text.nrf_drv_uart_init
                0x0000000000000f9c      0x214 _build/nrf52840_xxaa_nrf_drv_uart.c.o
                0x0000000000000f9c                nrf_drv_uart_init
 .text.nrf_drv_uart_uninit
                0x00000000000011b0      0x14c _build/nrf52840_xxaa_nrf_drv_uart.c.o
                0x00000000000011b0                nrf_drv_uart_uninit
 .text.UARTE0_UART0_IRQHandler
                0x00000000000012fc      0x2e4 _build/nrf52840_xxaa_nrf_drv_uart.c.o
                0x00000000000012fc                UARTE0_UART0_IRQHandler
 .text.nrf_drv_common_irq_enable
                0x00000000000015e0       0x4c _build/nrf52840_xxaa_nrf_drv_common.c.o
                0x00000000000015e0                nrf_drv_common_irq_enable
 .text._write_r
                0x000000000000162c       0x14 _build/nrf52840_xxaa_RTT_Syscalls_GCC.c.o
                0x000000000000162c                _write_r
 .text.SEGGER_RTT_Write
                0x0000000000001640      0x208 _build/nrf52840_xxaa_SEGGER_RTT.c.o
                0x0000000000001640                SEGGER_RTT_Write
 .text.SEGGER_RTT_Init
                0x0000000000001848       0x64 _build/nrf52840_xxaa_SEGGER_RTT.c.o
                0x0000000000001848                SEGGER_RTT_Init
 .text._Z25single_shot_timer_handler17nrf_timer_event_tPv
                0x00000000000018ac       0x10 _build/nrf52840_xxaa_Mnist-Keras.cpp.o
                0x00000000000018ac                single_shot_timer_handler(nrf_timer_event_t, void*)
 .text._Z6run_nnPa
                0x00000000000018bc      0x134 _build/nrf52840_xxaa_Mnist-Keras.cpp.o
                0x00000000000018bc                run_nn(signed char*)
 .text.startup.main
                0x00000000000019f0       0xd8 _build/nrf52840_xxaa_Mnist-Keras.cpp.o
                0x00000000000019f0                main
 .text.arm_q7_to_q15_reordered_no_shift
                0x0000000000001ac8       0x74 _build/nrf52840_xxaa_arm_q7_to_q15_reordered_no_shift.c.o
                0x0000000000001ac8                arm_q7_to_q15_reordered_no_shift
 .text.arm_nn_mat_mult_kernel_q7_q15
                0x0000000000001b3c      0x430 _build/nrf52840_xxaa_arm_nn_mat_mult_kernel_q7_q15.c.o
                0x0000000000001b3c                arm_nn_mat_mult_kernel_q7_q15
 .text.arm_convolve_HWC_q7_fast
                0x0000000000001f6c      0x80c _build/nrf52840_xxaa_arm_convolve_HWC_q7_fast.c.o
                0x0000000000001f6c                arm_convolve_HWC_q7_fast
 .text.arm_nn_mat_mult_kernel_q7_q15_reordered
                0x0000000000002778      0x290 _build/nrf52840_xxaa_arm_nn_mat_mult_kernel_q7_q15_reordered.c.o
                0x0000000000002778                arm_nn_mat_mult_kernel_q7_q15_reordered
 .text.arm_relu_q7
                0x0000000000002a08       0x88 _build/nrf52840_xxaa_arm_relu_q7.c.o
                0x0000000000002a08                arm_relu_q7
 .text.arm_convolve_HWC_q7_RGB
                0x0000000000002a90      0x328 _build/nrf52840_xxaa_arm_convolve_HWC_q7_RGB.c.o
                0x0000000000002a90                arm_convolve_HWC_q7_RGB
 .text.arm_fully_connected_q7_opt
                0x0000000000002db8      0x334 _build/nrf52840_xxaa_arm_fully_connected_q7_opt.c.o
                0x0000000000002db8                arm_fully_connected_q7_opt
 .text.compare_and_replace_if_larger_q7
                0x00000000000030ec       0xdc _build/nrf52840_xxaa_arm_pool_q7_HWC.c.o
 .text.arm_maxpool_q7_HWC
                0x00000000000031c8      0x168 _build/nrf52840_xxaa_arm_pool_q7_HWC.c.o
                0x00000000000031c8                arm_maxpool_q7_HWC
 .text.arm_softmax_q7
                0x0000000000003330       0x6c _build/nrf52840_xxaa_arm_softmax_q7.c.o
                0x0000000000003330                arm_softmax_q7
 .text.arm_max_q7
                0x000000000000339c       0x34 _build/nrf52840_xxaa_arm_max_q7.c.o
                0x000000000000339c                arm_max_q7
 .text          0x00000000000033d0       0x3c _build/nrf52840_xxaa_gcc_startup_nrf52840.S.o
                0x00000000000033d0                Reset_Handler
                0x00000000000033f8                NMI_Handler
                0x00000000000033fa                HardFault_Handler
                0x00000000000033fc                MemoryManagement_Handler
                0x00000000000033fe                BusFault_Handler
                0x0000000000003400                UsageFault_Handler
                0x0000000000003402                SVC_Handler
                0x0000000000003404                DebugMon_Handler
                0x0000000000003406                PendSV_Handler
                0x0000000000003408                SysTick_Handler
                0x000000000000340a                TIMER3_IRQHandler
                0x000000000000340a                PWM3_IRQHandler
                0x000000000000340a                FPU_IRQHandler
                0x000000000000340a                USBD_IRQHandler
                0x000000000000340a                SPIM0_SPIS0_TWIM0_TWIS0_SPI0_TWI0_IRQHandler
                0x000000000000340a                TIMER4_IRQHandler
                0x000000000000340a                CRYPTOCELL_IRQHandler
                0x000000000000340a                I2S_IRQHandler
                0x000000000000340a                SWI4_EGU4_IRQHandler
                0x000000000000340a                UARTE1_IRQHandler
                0x000000000000340a                TIMER1_IRQHandler
                0x000000000000340a                SPIM3_IRQHandler
                0x000000000000340a                PWM2_IRQHandler
                0x000000000000340a                ECB_IRQHandler
                0x000000000000340a                SPIM1_SPIS1_TWIM1_TWIS1_SPI1_TWI1_IRQHandler
                0x000000000000340a                Default_Handler
                0x000000000000340a                SAADC_IRQHandler
                0x000000000000340a                CCM_AAR_IRQHandler
                0x000000000000340a                WDT_IRQHandler
                0x000000000000340a                SWI5_EGU5_IRQHandler
                0x000000000000340a                RNG_IRQHandler
                0x000000000000340a                RTC2_IRQHandler
                0x000000000000340a                PWM0_IRQHandler
                0x000000000000340a                SWI3_EGU3_IRQHandler
                0x000000000000340a                SWI1_EGU1_IRQHandler
                0x000000000000340a                SPIM2_SPIS2_SPI2_IRQHandler
                0x000000000000340a                NFCT_IRQHandler
                0x000000000000340a                MWU_IRQHandler
                0x000000000000340a                QSPI_IRQHandler
                0x000000000000340a                TIMER2_IRQHandler
                0x000000000000340a                COMP_LPCOMP_IRQHandler
                0x000000000000340a                RTC0_IRQHandler
                0x000000000000340a                SWI2_EGU2_IRQHandler
                0x000000000000340a                GPIOTE_IRQHandler
                0x000000000000340a                PWM1_IRQHandler
                0x000000000000340a                POWER_CLOCK_IRQHandler
                0x000000000000340a                RADIO_IRQHandler
                0x000000000000340a                PDM_IRQHandler
                0x000000000000340a                TEMP_IRQHandler
                0x000000000000340a                QDEC_IRQHandler
 .text.SystemInit
                0x000000000000340c      0x118 _build/nrf52840_xxaa_system_nrf52840.c.o
                0x000000000000340c                SystemInit
 .text          0x0000000000003524      0x9b8 /usr/local/Caskroom/gcc-arm-embedded/9-2019-q4-major/gcc-arm-none-eabi-9-2019-q4-major/bin/../lib/gcc/arm-none-eabi/9.2.1/thumb/v7e-m+fp/hard/libgcc.a(unwind-arm.o)
                0x00000000000037cc                _Unwind_GetCFA
                0x00000000000037d0                __gnu_Unwind_RaiseException
                0x0000000000003830                __gnu_Unwind_ForcedUnwind
                0x0000000000003844                __gnu_Unwind_Resume
                0x0000000000003888                __gnu_Unwind_Resume_or_Rethrow
                0x0000000000003898                _Unwind_Complete
                0x000000000000389c                _Unwind_DeleteException
                0x00000000000038a8                _Unwind_VRS_Get
                0x00000000000038f0                _Unwind_VRS_Set
                0x0000000000003938                __gnu_Unwind_Backtrace
                0x0000000000003c58                __aeabi_unwind_cpp_pr0
                0x0000000000003c5c                __aeabi_unwind_cpp_pr1
                0x0000000000003c60                __aeabi_unwind_cpp_pr2
                0x0000000000003c64                _Unwind_VRS_Pop
 .text          0x0000000000003edc      0x1ac /usr/local/Caskroom/gcc-arm-embedded/9-2019-q4-major/gcc-arm-none-eabi-9-2019-q4-major/bin/../lib/gcc/arm-none-eabi/9.2.1/thumb/v7e-m+fp/hard/libgcc.a(libunwind.o)
                0x0000000000003edc                __restore_core_regs
                0x0000000000003edc                restore_core_regs
                0x0000000000003ef4                __gnu_Unwind_Restore_VFP
                0x0000000000003efc                __gnu_Unwind_Save_VFP
                0x0000000000003f04                __gnu_Unwind_Restore_VFP_D
                0x0000000000003f0c                __gnu_Unwind_Save_VFP_D
                0x0000000000003f14                __gnu_Unwind_Restore_VFP_D_16_to_31
                0x0000000000003f1c                __gnu_Unwind_Save_VFP_D_16_to_31
                0x0000000000003f24                __gnu_Unwind_Restore_WMMXD
                0x0000000000003f68                __gnu_Unwind_Save_WMMXD
                0x0000000000003fac                __gnu_Unwind_Restore_WMMXC
                0x0000000000003fc0                __gnu_Unwind_Save_WMMXC
                0x0000000000003fd4                _Unwind_RaiseException
                0x0000000000003fd4                ___Unwind_RaiseException
                0x0000000000003ff8                ___Unwind_Resume
                0x0000000000003ff8                _Unwind_Resume
                0x000000000000401c                ___Unwind_Resume_or_Rethrow
                0x000000000000401c                _Unwind_Resume_or_Rethrow
                0x0000000000004040                _Unwind_ForcedUnwind
                0x0000000000004040                ___Unwind_ForcedUnwind
                0x0000000000004064                _Unwind_Backtrace
                0x0000000000004064                ___Unwind_Backtrace
 .text          0x0000000000004088      0x340 /usr/local/Caskroom/gcc-arm-embedded/9-2019-q4-major/gcc-arm-none-eabi-9-2019-q4-major/bin/../lib/gcc/arm-none-eabi/9.2.1/thumb/v7e-m+fp/hard/libgcc.a(pr-support.o)
                0x00000000000040e0                __gnu_unwind_execute
                0x000000000000437c                __gnu_unwind_frame
                0x00000000000043a8                _Unwind_GetRegionStart
                0x00000000000043b4                _Unwind_GetLanguageSpecificData
 .text.abort    0x00000000000043c8        0xe /usr/local/Caskroom/gcc-arm-embedded/9-2019-q4-major/gcc-arm-none-eabi-9-2019-q4-major/bin/../lib/gcc/arm-none-eabi/9.2.1/../../../../arm-none-eabi/lib/thumb/v7e-m+fp/hard/libc_nano.a(lib_a-abort.o)
                0x00000000000043c8                abort
 .text.memcpy   0x00000000000043d6       0x1c /usr/local/Caskroom/gcc-arm-embedded/9-2019-q4-major/gcc-arm-none-eabi-9-2019-q4-major/bin/../lib/gcc/arm-none-eabi/9.2.1/../../../../arm-none-eabi/lib/thumb/v7e-m+fp/hard/libc_nano.a(lib_a-memcpy-stub.o)
                0x00000000000043d6                memcpy
 .text.memmove  0x00000000000043f2       0x34 /usr/local/Caskroom/gcc-arm-embedded/9-2019-q4-major/gcc-arm-none-eabi-9-2019-q4-major/bin/../lib/gcc/arm-none-eabi/9.2.1/../../../../arm-none-eabi/lib/thumb/v7e-m+fp/hard/libc_nano.a(lib_a-memmove.o)
                0x00000000000043f2                memmove
 *fill*         0x0000000000004426        0x2 
 .text.printf   0x0000000000004428       0x30 /usr/local/Caskroom/gcc-arm-embedded/9-2019-q4-major/gcc-arm-none-eabi-9-2019-q4-major/bin/../lib/gcc/arm-none-eabi/9.2.1/../../../../arm-none-eabi/lib/thumb/v7e-m+fp/hard/libc_nano.a(lib_a-printf.o)
                0x0000000000004428                printf
                0x0000000000004428                iprintf
 .text._raise_r
                0x0000000000004458       0x50 /usr/local/Caskroom/gcc-arm-embedded/9-2019-q4-major/gcc-arm-none-eabi-9-2019-q4-major/bin/../lib/gcc/arm-none-eabi/9.2.1/../../../../arm-none-eabi/lib/thumb/v7e-m+fp/hard/libc_nano.a(lib_a-signal.o)
                0x0000000000004458                _raise_r
 .text.raise    0x00000000000044a8       0x10 /usr/local/Caskroom/gcc-arm-embedded/9-2019-q4-major/gcc-arm-none-eabi-9-2019-q4-major/bin/../lib/gcc/arm-none-eabi/9.2.1/../../../../arm-none-eabi/lib/thumb/v7e-m+fp/hard/libc_nano.a(lib_a-signal.o)
                0x00000000000044a8                raise
 .text._kill_r  0x00000000000044b8       0x24 /usr/local/Caskroom/gcc-arm-embedded/9-2019-q4-major/gcc-arm-none-eabi-9-2019-q4-major/bin/../lib/gcc/arm-none-eabi/9.2.1/../../../../arm-none-eabi/lib/thumb/v7e-m+fp/hard/libc_nano.a(lib_a-signalr.o)
                0x00000000000044b8                _kill_r
 .text._getpid_r
                0x00000000000044dc        0x4 /usr/local/Caskroom/gcc-arm-embedded/9-2019-q4-major/gcc-arm-none-eabi-9-2019-q4-major/bin/../lib/gcc/arm-none-eabi/9.2.1/../../../../arm-none-eabi/lib/thumb/v7e-m+fp/hard/libc_nano.a(lib_a-signalr.o)
                0x00000000000044dc                _getpid_r
 .text.strcpy   0x00000000000044e0       0x10 /usr/local/Caskroom/gcc-arm-embedded/9-2019-q4-major/gcc-arm-none-eabi-9-2019-q4-major/bin/../lib/gcc/arm-none-eabi/9.2.1/../../../../arm-none-eabi/lib/thumb/v7e-m+fp/hard/libc_nano.a(lib_a-strcpy.o)
                0x00000000000044e0                strcpy
 .text.std      0x00000000000044f0       0x48 /usr/local/Caskroom/gcc-arm-embedded/9-2019-q4-major/gcc-arm-none-eabi-9-2019-q4-major/bin/../lib/gcc/arm-none-eabi/9.2.1/../../../../arm-none-eabi/lib/thumb/v7e-m+fp/hard/libc_nano.a(lib_a-findfp.o)
 .text._cleanup_r
                0x0000000000004538        0xc /usr/local/Caskroom/gcc-arm-embedded/9-2019-q4-major/gcc-arm-none-eabi-9-2019-q4-major/bin/../lib/gcc/arm-none-eabi/9.2.1/../../../../arm-none-eabi/lib/thumb/v7e-m+fp/hard/libc_nano.a(lib_a-findfp.o)
                0x0000000000004538                _cleanup_r
 .text.__sfmoreglue
                0x0000000000004544       0x2c /usr/local/Caskroom/gcc-arm-embedded/9-2019-q4-major/gcc-arm-none-eabi-9-2019-q4-major/bin/../lib/gcc/arm-none-eabi/9.2.1/../../../../arm-none-eabi/lib/thumb/v7e-m+fp/hard/libc_nano.a(lib_a-findfp.o)
                0x0000000000004544                __sfmoreglue
 .text.__sfp_lock_acquire
                0x0000000000004570        0xc /usr/local/Caskroom/gcc-arm-embedded/9-2019-q4-major/gcc-arm-none-eabi-9-2019-q4-major/bin/../lib/gcc/arm-none-eabi/9.2.1/../../../../arm-none-eabi/lib/thumb/v7e-m+fp/hard/libc_nano.a(lib_a-findfp.o)
                0x0000000000004570                __sfp_lock_acquire
 .text.__sfp_lock_release
                0x000000000000457c        0xc /usr/local/Caskroom/gcc-arm-embedded/9-2019-q4-major/gcc-arm-none-eabi-9-2019-q4-major/bin/../lib/gcc/arm-none-eabi/9.2.1/../../../../arm-none-eabi/lib/thumb/v7e-m+fp/hard/libc_nano.a(lib_a-findfp.o)
                0x000000000000457c                __sfp_lock_release
 .text.__sinit_lock_acquire
                0x0000000000004588        0xc /usr/local/Caskroom/gcc-arm-embedded/9-2019-q4-major/gcc-arm-none-eabi-9-2019-q4-major/bin/../lib/gcc/arm-none-eabi/9.2.1/../../../../arm-none-eabi/lib/thumb/v7e-m+fp/hard/libc_nano.a(lib_a-findfp.o)
                0x0000000000004588                __sinit_lock_acquire
 .text.__sinit_lock_release
                0x0000000000004594        0xc /usr/local/Caskroom/gcc-arm-embedded/9-2019-q4-major/gcc-arm-none-eabi-9-2019-q4-major/bin/../lib/gcc/arm-none-eabi/9.2.1/../../../../arm-none-eabi/lib/thumb/v7e-m+fp/hard/libc_nano.a(lib_a-findfp.o)
                0x0000000000004594                __sinit_lock_release
 .text.__sinit  0x00000000000045a0       0x70 /usr/local/Caskroom/gcc-arm-embedded/9-2019-q4-major/gcc-arm-none-eabi-9-2019-q4-major/bin/../lib/gcc/arm-none-eabi/9.2.1/../../../../arm-none-eabi/lib/thumb/v7e-m+fp/hard/libc_nano.a(lib_a-findfp.o)
                0x00000000000045a0                __sinit
 .text.__sfp    0x0000000000004610       0x8c /usr/local/Caskroom/gcc-arm-embedded/9-2019-q4-major/gcc-arm-none-eabi-9-2019-q4-major/bin/../lib/gcc/arm-none-eabi/9.2.1/../../../../arm-none-eabi/lib/thumb/v7e-m+fp/hard/libc_nano.a(lib_a-findfp.o)
                0x0000000000004610                __sfp
 .text._fwalk_reent
                0x000000000000469c       0x3e /usr/local/Caskroom/gcc-arm-embedded/9-2019-q4-major/gcc-arm-none-eabi-9-2019-q4-major/bin/../lib/gcc/arm-none-eabi/9.2.1/../../../../arm-none-eabi/lib/thumb/v7e-m+fp/hard/libc_nano.a(lib_a-fwalk.o)
                0x000000000000469c                _fwalk_reent
 .text.__retarget_lock_init_recursive
                0x00000000000046da        0x2 /usr/local/Caskroom/gcc-arm-embedded/9-2019-q4-major/gcc-arm-none-eabi-9-2019-q4-major/bin/../lib/gcc/arm-none-eabi/9.2.1/../../../../arm-none-eabi/lib/thumb/v7e-m+fp/hard/libc_nano.a(lib_a-lock.o)
                0x00000000000046da                __retarget_lock_init_recursive
 .text.__retarget_lock_acquire_recursive
                0x00000000000046dc        0x2 /usr/local/Caskroom/gcc-arm-embedded/9-2019-q4-major/gcc-arm-none-eabi-9-2019-q4-major/bin/../lib/gcc/arm-none-eabi/9.2.1/../../../../arm-none-eabi/lib/thumb/v7e-m+fp/hard/libc_nano.a(lib_a-lock.o)
                0x00000000000046dc                __retarget_lock_acquire_recursive
 .text.__retarget_lock_release_recursive
                0x00000000000046de        0x2 /usr/local/Caskroom/gcc-arm-embedded/9-2019-q4-major/gcc-arm-none-eabi-9-2019-q4-major/bin/../lib/gcc/arm-none-eabi/9.2.1/../../../../arm-none-eabi/lib/thumb/v7e-m+fp/hard/libc_nano.a(lib_a-lock.o)
                0x00000000000046de                __retarget_lock_release_recursive
 .text._malloc_r
                0x00000000000046e0       0xb4 /usr/local/Caskroom/gcc-arm-embedded/9-2019-q4-major/gcc-arm-none-eabi-9-2019-q4-major/bin/../lib/gcc/arm-none-eabi/9.2.1/../../../../arm-none-eabi/lib/thumb/v7e-m+fp/hard/libc_nano.a(lib_a-nano-mallocr.o)
                0x00000000000046e0                _malloc_r
 .text.__sfputc_r
                0x0000000000004794       0x2e /usr/local/Caskroom/gcc-arm-embedded/9-2019-q4-major/gcc-arm-none-eabi-9-2019-q4-major/bin/../lib/gcc/arm-none-eabi/9.2.1/../../../../arm-none-eabi/lib/thumb/v7e-m+fp/hard/libc_nano.a(lib_a-nano-vfprintf.o)
 .text.__sfputs_r
                0x00000000000047c2       0x24 /usr/local/Caskroom/gcc-arm-embedded/9-2019-q4-major/gcc-arm-none-eabi-9-2019-q4-major/bin/../lib/gcc/arm-none-eabi/9.2.1/../../../../arm-none-eabi/lib/thumb/v7e-m+fp/hard/libc_nano.a(lib_a-nano-vfprintf.o)
                0x00000000000047c2                __sfputs_r
 *fill*         0x00000000000047e6        0x2 
 .text._vfprintf_r
                0x00000000000047e8      0x260 /usr/local/Caskroom/gcc-arm-embedded/9-2019-q4-major/gcc-arm-none-eabi-9-2019-q4-major/bin/../lib/gcc/arm-none-eabi/9.2.1/../../../../arm-none-eabi/lib/thumb/v7e-m+fp/hard/libc_nano.a(lib_a-nano-vfprintf.o)
                0x00000000000047e8                _vfiprintf_r
                0x00000000000047e8                _vfprintf_r
 .text._printf_common
                0x0000000000004a48       0xda /usr/local/Caskroom/gcc-arm-embedded/9-2019-q4-major/gcc-arm-none-eabi-9-2019-q4-major/bin/../lib/gcc/arm-none-eabi/9.2.1/../../../../arm-none-eabi/lib/thumb/v7e-m+fp/hard/libc_nano.a(lib_a-nano-vfprintf_i.o)
                0x0000000000004a48                _printf_common
 *fill*         0x0000000000004b22        0x2 
 .text._printf_i
                0x0000000000004b24      0x24c /usr/local/Caskroom/gcc-arm-embedded/9-2019-q4-major/gcc-arm-none-eabi-9-2019-q4-major/bin/../lib/gcc/arm-none-eabi/9.2.1/../../../../arm-none-eabi/lib/thumb/v7e-m+fp/hard/libc_nano.a(lib_a-nano-vfprintf_i.o)
                0x0000000000004b24                _printf_i
 .text._sbrk_r  0x0000000000004d70       0x20 /usr/local/Caskroom/gcc-arm-embedded/9-2019-q4-major/gcc-arm-none-eabi-9-2019-q4-major/bin/../lib/gcc/arm-none-eabi/9.2.1/../../../../arm-none-eabi/lib/thumb/v7e-m+fp/hard/libc_nano.a(lib_a-sbrkr.o)
                0x0000000000004d70                _sbrk_r
 .text.__sread  0x0000000000004d90       0x22 /usr/local/Caskroom/gcc-arm-embedded/9-2019-q4-major/gcc-arm-none-eabi-9-2019-q4-major/bin/../lib/gcc/arm-none-eabi/9.2.1/../../../../arm-none-eabi/lib/thumb/v7e-m+fp/hard/libc_nano.a(lib_a-stdio.o)
                0x0000000000004d90                __sread
 .text.__swrite
                0x0000000000004db2       0x38 /usr/local/Caskroom/gcc-arm-embedded/9-2019-q4-major/gcc-arm-none-eabi-9-2019-q4-major/bin/../lib/gcc/arm-none-eabi/9.2.1/../../../../arm-none-eabi/lib/thumb/v7e-m+fp/hard/libc_nano.a(lib_a-stdio.o)
                0x0000000000004db2                __swrite
 .text.__sseek  0x0000000000004dea       0x24 /usr/local/Caskroom/gcc-arm-embedded/9-2019-q4-major/gcc-arm-none-eabi-9-2019-q4-major/bin/../lib/gcc/arm-none-eabi/9.2.1/../../../../arm-none-eabi/lib/thumb/v7e-m+fp/hard/libc_nano.a(lib_a-stdio.o)
                0x0000000000004dea                __sseek
 .text.__sclose
                0x0000000000004e0e        0x8 /usr/local/Caskroom/gcc-arm-embedded/9-2019-q4-major/gcc-arm-none-eabi-9-2019-q4-major/bin/../lib/gcc/arm-none-eabi/9.2.1/../../../../arm-none-eabi/lib/thumb/v7e-m+fp/hard/libc_nano.a(lib_a-stdio.o)
                0x0000000000004e0e                __sclose
 *fill*         0x0000000000004e16        0x2 
 .text.__swbuf_r
                0x0000000000004e18       0xa4 /usr/local/Caskroom/gcc-arm-embedded/9-2019-q4-major/gcc-arm-none-eabi-9-2019-q4-major/bin/../lib/gcc/arm-none-eabi/9.2.1/../../../../arm-none-eabi/lib/thumb/v7e-m+fp/hard/libc_nano.a(lib_a-wbuf.o)
                0x0000000000004e18                __swbuf_r
 .text.__swsetup_r
                0x0000000000004ebc       0xdc /usr/local/Caskroom/gcc-arm-embedded/9-2019-q4-major/gcc-arm-none-eabi-9-2019-q4-major/bin/../lib/gcc/arm-none-eabi/9.2.1/../../../../arm-none-eabi/lib/thumb/v7e-m+fp/hard/libc_nano.a(lib_a-wsetup.o)
                0x0000000000004ebc                __swsetup_r
 .text._close_r
                0x0000000000004f98       0x20 /usr/local/Caskroom/gcc-arm-embedded/9-2019-q4-major/gcc-arm-none-eabi-9-2019-q4-major/bin/../lib/gcc/arm-none-eabi/9.2.1/../../../../arm-none-eabi/lib/thumb/v7e-m+fp/hard/libc_nano.a(lib_a-closer.o)
                0x0000000000004f98                _close_r
 .text.__sflush_r
                0x0000000000004fb8      0x10c /usr/local/Caskroom/gcc-arm-embedded/9-2019-q4-major/gcc-arm-none-eabi-9-2019-q4-major/bin/../lib/gcc/arm-none-eabi/9.2.1/../../../../arm-none-eabi/lib/thumb/v7e-m+fp/hard/libc_nano.a(lib_a-fflush.o)
                0x0000000000004fb8                __sflush_r
 .text._fflush_r
                0x00000000000050c4       0x78 /usr/local/Caskroom/gcc-arm-embedded/9-2019-q4-major/gcc-arm-none-eabi-9-2019-q4-major/bin/../lib/gcc/arm-none-eabi/9.2.1/../../../../arm-none-eabi/lib/thumb/v7e-m+fp/hard/libc_nano.a(lib_a-fflush.o)
                0x00000000000050c4                _fflush_r
 .text._lseek_r
                0x000000000000513c       0x24 /usr/local/Caskroom/gcc-arm-embedded/9-2019-q4-major/gcc-arm-none-eabi-9-2019-q4-major/bin/../lib/gcc/arm-none-eabi/9.2.1/../../../../arm-none-eabi/lib/thumb/v7e-m+fp/hard/libc_nano.a(lib_a-lseekr.o)
                0x000000000000513c                _lseek_r
 .text.__swhatbuf_r
                0x0000000000005160       0x48 /usr/local/Caskroom/gcc-arm-embedded/9-2019-q4-major/gcc-arm-none-eabi-9-2019-q4-major/bin/../lib/gcc/arm-none-eabi/9.2.1/../../../../arm-none-eabi/lib/thumb/v7e-m+fp/hard/libc_nano.a(lib_a-makebuf.o)
                0x0000000000005160                __swhatbuf_r
 .text.__smakebuf_r
                0x00000000000051a8       0x80 /usr/local/Caskroom/gcc-arm-embedded/9-2019-q4-major/gcc-arm-none-eabi-9-2019-q4-major/bin/../lib/gcc/arm-none-eabi/9.2.1/../../../../arm-none-eabi/lib/thumb/v7e-m+fp/hard/libc_nano.a(lib_a-makebuf.o)
                0x00000000000051a8                __smakebuf_r
 *fill*         0x0000000000005228        0x8 
 .text          0x0000000000005230       0xa0 /usr/local/Caskroom/gcc-arm-embedded/9-2019-q4-major/gcc-arm-none-eabi-9-2019-q4-major/bin/../lib/gcc/arm-none-eabi/9.2.1/../../../../arm-none-eabi/lib/thumb/v7e-m+fp/hard/libc_nano.a(lib_a-memchr.o)
                0x0000000000005230                memchr
 .text.__malloc_lock
                0x00000000000052d0        0xc /usr/local/Caskroom/gcc-arm-embedded/9-2019-q4-major/gcc-arm-none-eabi-9-2019-q4-major/bin/../lib/gcc/arm-none-eabi/9.2.1/../../../../arm-none-eabi/lib/thumb/v7e-m+fp/hard/libc_nano.a(lib_a-mlock.o)
                0x00000000000052d0                __malloc_lock
 .text.__malloc_unlock
                0x00000000000052dc        0xc /usr/local/Caskroom/gcc-arm-embedded/9-2019-q4-major/gcc-arm-none-eabi-9-2019-q4-major/bin/../lib/gcc/arm-none-eabi/9.2.1/../../../../arm-none-eabi/lib/thumb/v7e-m+fp/hard/libc_nano.a(lib_a-mlock.o)
                0x00000000000052dc                __malloc_unlock
 .text._free_r  0x00000000000052e8       0xa0 /usr/local/Caskroom/gcc-arm-embedded/9-2019-q4-major/gcc-arm-none-eabi-9-2019-q4-major/bin/../lib/gcc/arm-none-eabi/9.2.1/../../../../arm-none-eabi/lib/thumb/v7e-m+fp/hard/libc_nano.a(lib_a-nano-freer.o)
                0x00000000000052e8                _free_r
 .text._read_r  0x0000000000005388       0x24 /usr/local/Caskroom/gcc-arm-embedded/9-2019-q4-major/gcc-arm-none-eabi-9-2019-q4-major/bin/../lib/gcc/arm-none-eabi/9.2.1/../../../../arm-none-eabi/lib/thumb/v7e-m+fp/hard/libc_nano.a(lib_a-readr.o)
                0x0000000000005388                _read_r
 .text._fstat_r
                0x00000000000053ac       0x24 /usr/local/Caskroom/gcc-arm-embedded/9-2019-q4-major/gcc-arm-none-eabi-9-2019-q4-major/bin/../lib/gcc/arm-none-eabi/9.2.1/../../../../arm-none-eabi/lib/thumb/v7e-m+fp/hard/libc_nano.a(lib_a-fstatr.o)
                0x00000000000053ac                _fstat_r
 .text._isatty_r
                0x00000000000053d0       0x20 /usr/local/Caskroom/gcc-arm-embedded/9-2019-q4-major/gcc-arm-none-eabi-9-2019-q4-major/bin/../lib/gcc/arm-none-eabi/9.2.1/../../../../arm-none-eabi/lib/thumb/v7e-m+fp/hard/libc_nano.a(lib_a-isattyr.o)
                0x00000000000053d0                _isatty_r
 .text._close   0x00000000000053f0       0x10 /usr/local/Caskroom/gcc-arm-embedded/9-2019-q4-major/gcc-arm-none-eabi-9-2019-q4-major/bin/../lib/gcc/arm-none-eabi/9.2.1/../../../../arm-none-eabi/lib/thumb/v7e-m+fp/hard/libnosys.a(close.o)
                0x00000000000053f0                _close
 .text._fstat   0x0000000000005400       0x10 /usr/local/Caskroom/gcc-arm-embedded/9-2019-q4-major/gcc-arm-none-eabi-9-2019-q4-major/bin/../lib/gcc/arm-none-eabi/9.2.1/../../../../arm-none-eabi/lib/thumb/v7e-m+fp/hard/libnosys.a(fstat.o)
                0x0000000000005400                _fstat
 .text._getpid  0x0000000000005410       0x10 /usr/local/Caskroom/gcc-arm-embedded/9-2019-q4-major/gcc-arm-none-eabi-9-2019-q4-major/bin/../lib/gcc/arm-none-eabi/9.2.1/../../../../arm-none-eabi/lib/thumb/v7e-m+fp/hard/libnosys.a(getpid.o)
                0x0000000000005410                _getpid
 .text._isatty  0x0000000000005420       0x10 /usr/local/Caskroom/gcc-arm-embedded/9-2019-q4-major/gcc-arm-none-eabi-9-2019-q4-major/bin/../lib/gcc/arm-none-eabi/9.2.1/../../../../arm-none-eabi/lib/thumb/v7e-m+fp/hard/libnosys.a(isatty.o)
                0x0000000000005420                _isatty
 .text._kill    0x0000000000005430       0x10 /usr/local/Caskroom/gcc-arm-embedded/9-2019-q4-major/gcc-arm-none-eabi-9-2019-q4-major/bin/../lib/gcc/arm-none-eabi/9.2.1/../../../../arm-none-eabi/lib/thumb/v7e-m+fp/hard/libnosys.a(kill.o)
                0x0000000000005430                _kill
 .text._lseek   0x0000000000005440       0x10 /usr/local/Caskroom/gcc-arm-embedded/9-2019-q4-major/gcc-arm-none-eabi-9-2019-q4-major/bin/../lib/gcc/arm-none-eabi/9.2.1/../../../../arm-none-eabi/lib/thumb/v7e-m+fp/hard/libnosys.a(lseek.o)
                0x0000000000005440                _lseek
 .text._read    0x0000000000005450       0x10 /usr/local/Caskroom/gcc-arm-embedded/9-2019-q4-major/gcc-arm-none-eabi-9-2019-q4-major/bin/../lib/gcc/arm-none-eabi/9.2.1/../../../../arm-none-eabi/lib/thumb/v7e-m+fp/hard/libnosys.a(read.o)
                0x0000000000005450                _read
 .text._sbrk    0x0000000000005460       0x1c /usr/local/Caskroom/gcc-arm-embedded/9-2019-q4-major/gcc-arm-none-eabi-9-2019-q4-major/bin/../lib/gcc/arm-none-eabi/9.2.1/../../../../arm-none-eabi/lib/thumb/v7e-m+fp/hard/libnosys.a(sbrk.o)
                0x0000000000005460                _sbrk
 *(.init)
 .init          0x000000000000547c        0x4 /usr/local/Caskroom/gcc-arm-embedded/9-2019-q4-major/gcc-arm-none-eabi-9-2019-q4-major/bin/../lib/gcc/arm-none-eabi/9.2.1/thumb/v7e-m+fp/hard/crti.o
                0x000000000000547c                _init
 .init          0x0000000000005480        0x8 /usr/local/Caskroom/gcc-arm-embedded/9-2019-q4-major/gcc-arm-none-eabi-9-2019-q4-major/bin/../lib/gcc/arm-none-eabi/9.2.1/thumb/v7e-m+fp/hard/crtn.o
 *(.fini)
 .fini          0x0000000000005488        0x4 /usr/local/Caskroom/gcc-arm-embedded/9-2019-q4-major/gcc-arm-none-eabi-9-2019-q4-major/bin/../lib/gcc/arm-none-eabi/9.2.1/thumb/v7e-m+fp/hard/crti.o
                0x0000000000005488                _fini
 .fini          0x000000000000548c        0x8 /usr/local/Caskroom/gcc-arm-embedded/9-2019-q4-major/gcc-arm-none-eabi-9-2019-q4-major/bin/../lib/gcc/arm-none-eabi/9.2.1/thumb/v7e-m+fp/hard/crtn.o
 *crtbegin.o(.ctors)
 *crtbegin?.o(.ctors)
 *(EXCLUDE_FILE(*crtend.o *crtend?.o) .ctors)
 *(SORT_BY_NAME(.ctors.*))
 *(.ctors)
 *crtbegin.o(.dtors)
 *crtbegin?.o(.dtors)
 *(EXCLUDE_FILE(*crtend.o *crtend?.o) .dtors)
 *(SORT_BY_NAME(.dtors.*))
 *(.dtors)
 *(.rodata*)
 .rodata._global_impure_ptr
                0x0000000000005494        0x4 /usr/local/Caskroom/gcc-arm-embedded/9-2019-q4-major/gcc-arm-none-eabi-9-2019-q4-major/bin/../lib/gcc/arm-none-eabi/9.2.1/../../../../arm-none-eabi/lib/thumb/v7e-m+fp/hard/libc_nano.a(lib_a-impure.o)
                0x0000000000005494                _global_impure_ptr
 .rodata        0x0000000000005498       0x20 _build/nrf52840_xxaa_nrf_log_backend_serial.c.o
 .rodata.nrf_log_frontend_std_0.str1.4
                0x00000000000054b8        0xb _build/nrf52840_xxaa_nrf_log_frontend.c.o
 *fill*         0x00000000000054c3        0x1 
 .rodata.app_error_fault_handler.str1.4
                0x00000000000054c4       0x18 _build/nrf52840_xxaa_app_error_weak.c.o
 .rodata.SEGGER_RTT_ReadNoLock.str1.4
                0x00000000000054dc       0x17 _build/nrf52840_xxaa_SEGGER_RTT.c.o
 *fill*         0x00000000000054f3        0x1 
 .rodata.main.str1.4
                0x00000000000054f4       0x5c _build/nrf52840_xxaa_Mnist-Keras.cpp.o
 .rodata        0x0000000000005550        0x8 _build/nrf52840_xxaa_Mnist-Keras.cpp.o
 .rodata._ZL11TIMER_SLEEP
                0x0000000000005558        0x8 _build/nrf52840_xxaa_Mnist-Keras.cpp.o
 .rodata.__sf_fake_stderr
                0x0000000000005560       0x20 /usr/local/Caskroom/gcc-arm-embedded/9-2019-q4-major/gcc-arm-none-eabi-9-2019-q4-major/bin/../lib/gcc/arm-none-eabi/9.2.1/../../../../arm-none-eabi/lib/thumb/v7e-m+fp/hard/libc_nano.a(lib_a-findfp.o)
                0x0000000000005560                __sf_fake_stderr
 .rodata.__sf_fake_stdin
                0x0000000000005580       0x20 /usr/local/Caskroom/gcc-arm-embedded/9-2019-q4-major/gcc-arm-none-eabi-9-2019-q4-major/bin/../lib/gcc/arm-none-eabi/9.2.1/../../../../arm-none-eabi/lib/thumb/v7e-m+fp/hard/libc_nano.a(lib_a-findfp.o)
                0x0000000000005580                __sf_fake_stdin
 .rodata.__sf_fake_stdout
                0x00000000000055a0       0x20 /usr/local/Caskroom/gcc-arm-embedded/9-2019-q4-major/gcc-arm-none-eabi-9-2019-q4-major/bin/../lib/gcc/arm-none-eabi/9.2.1/../../../../arm-none-eabi/lib/thumb/v7e-m+fp/hard/libc_nano.a(lib_a-findfp.o)
                0x00000000000055a0                __sf_fake_stdout
 .rodata._vfprintf_r.str1.1
                0x00000000000055c0       0x11 /usr/local/Caskroom/gcc-arm-embedded/9-2019-q4-major/gcc-arm-none-eabi-9-2019-q4-major/bin/../lib/gcc/arm-none-eabi/9.2.1/../../../../arm-none-eabi/lib/thumb/v7e-m+fp/hard/libc_nano.a(lib_a-nano-vfprintf.o)
 .rodata._printf_i.str1.1
                0x00000000000055d1       0x22 /usr/local/Caskroom/gcc-arm-embedded/9-2019-q4-major/gcc-arm-none-eabi-9-2019-q4-major/bin/../lib/gcc/arm-none-eabi/9.2.1/../../../../arm-none-eabi/lib/thumb/v7e-m+fp/hard/libc_nano.a(lib_a-nano-vfprintf_i.o)
 *(.eh_frame*)
 *fill*         0x00000000000055f3        0x1 
 .eh_frame      0x00000000000055f4        0x0 /usr/local/Caskroom/gcc-arm-embedded/9-2019-q4-major/gcc-arm-none-eabi-9-2019-q4-major/bin/../lib/gcc/arm-none-eabi/9.2.1/thumb/v7e-m+fp/hard/crtbegin.o
 .eh_frame      0x00000000000055f4        0x4 /usr/local/Caskroom/gcc-arm-embedded/9-2019-q4-major/gcc-arm-none-eabi-9-2019-q4-major/bin/../lib/gcc/arm-none-eabi/9.2.1/thumb/v7e-m+fp/hard/crtend.o

.glue_7         0x00000000000055f8        0x0
 .glue_7        0x00000000000055f8        0x0 linker stubs

.glue_7t        0x00000000000055f8        0x0
 .glue_7t       0x00000000000055f8        0x0 linker stubs

.vfp11_veneer   0x00000000000055f8        0x0
 .vfp11_veneer  0x00000000000055f8        0x0 linker stubs

.v4_bx          0x00000000000055f8        0x0
 .v4_bx         0x00000000000055f8        0x0 linker stubs

.iplt           0x00000000000055f8        0x0
 .iplt          0x00000000000055f8        0x0 /usr/local/Caskroom/gcc-arm-embedded/9-2019-q4-major/gcc-arm-none-eabi-9-2019-q4-major/bin/../lib/gcc/arm-none-eabi/9.2.1/thumb/v7e-m+fp/hard/crtbegin.o

.ARM.extab      0x00000000000055f8       0x18
 *(.ARM.extab* .gnu.linkonce.armextab.*)
 .ARM.extab     0x00000000000055f8       0x18 /usr/local/Caskroom/gcc-arm-embedded/9-2019-q4-major/gcc-arm-none-eabi-9-2019-q4-major/bin/../lib/gcc/arm-none-eabi/9.2.1/thumb/v7e-m+fp/hard/libgcc.a(pr-support.o)
                0x0000000000005610                __exidx_start = .

.ARM.exidx      0x0000000000005610       0xd0
 *(.ARM.exidx* .gnu.linkonce.armexidx.*)
 .ARM.exidx     0x0000000000005610        0x8 /usr/local/Caskroom/gcc-arm-embedded/9-2019-q4-major/gcc-arm-none-eabi-9-2019-q4-major/bin/../lib/gcc/arm-none-eabi/9.2.1/../../../../arm-none-eabi/lib/thumb/v7e-m+fp/hard/crt0.o
 .ARM.exidx.text._Z25single_shot_timer_handler17nrf_timer_event_tPv
                0x0000000000005618        0x0 _build/nrf52840_xxaa_Mnist-Keras.cpp.o
                                          0x8 (size before relaxing)
 .ARM.exidx.text._Z6run_nnPa
                0x0000000000005618        0x8 _build/nrf52840_xxaa_Mnist-Keras.cpp.o
 .ARM.exidx.text.startup.main
                0x0000000000005620       0x10 _build/nrf52840_xxaa_Mnist-Keras.cpp.o
                                          0x8 (size before relaxing)
 .ARM.exidx     0x0000000000005630       0x78 /usr/local/Caskroom/gcc-arm-embedded/9-2019-q4-major/gcc-arm-none-eabi-9-2019-q4-major/bin/../lib/gcc/arm-none-eabi/9.2.1/thumb/v7e-m+fp/hard/libgcc.a(unwind-arm.o)
                                         0xd8 (size before relaxing)
 .ARM.exidx     0x00000000000056a8       0x38 /usr/local/Caskroom/gcc-arm-embedded/9-2019-q4-major/gcc-arm-none-eabi-9-2019-q4-major/bin/../lib/gcc/arm-none-eabi/9.2.1/thumb/v7e-m+fp/hard/libgcc.a(pr-support.o)
                0x00000000000056e0                __exidx_end = .
                0x00000000000056e0                __etext = .

.rel.dyn        0x00000000000056e0        0x0
 .rel.iplt      0x00000000000056e0        0x0 /usr/local/Caskroom/gcc-arm-embedded/9-2019-q4-major/gcc-arm-none-eabi-9-2019-q4-major/bin/../lib/gcc/arm-none-eabi/9.2.1/thumb/v7e-m+fp/hard/crtbegin.o

.data           0x0000000020000000     0x63c4 load address 0x00000000000056e0
                0x0000000020000000                __data_start__ = .
 *(vtable)
 *(.data*)
 .data._impure_ptr
                0x0000000020000000        0x4 /usr/local/Caskroom/gcc-arm-embedded/9-2019-q4-major/gcc-arm-none-eabi-9-2019-q4-major/bin/../lib/gcc/arm-none-eabi/9.2.1/../../../../arm-none-eabi/lib/thumb/v7e-m+fp/hard/libc_nano.a(lib_a-impure.o)
                0x0000000020000000                _impure_ptr
 .data.impure_data
                0x0000000020000004       0x60 /usr/local/Caskroom/gcc-arm-embedded/9-2019-q4-major/gcc-arm-none-eabi-9-2019-q4-major/bin/../lib/gcc/arm-none-eabi/9.2.1/../../../../arm-none-eabi/lib/thumb/v7e-m+fp/hard/libc_nano.a(lib_a-impure.o)
 .data.m_uart   0x0000000020000064        0x8 _build/nrf52840_xxaa_nrf_log_backend_serial.c.o
 .data._ZL10dense_2_wt
                0x000000002000006c     0x1f40 _build/nrf52840_xxaa_Mnist-Keras.cpp.o
 .data._ZL11conv2d_4_wt
                0x0000000020001fac      0x120 _build/nrf52840_xxaa_Mnist-Keras.cpp.o
 .data._ZL11conv2d_5_wt
                0x00000000200020cc     0x2400 _build/nrf52840_xxaa_Mnist-Keras.cpp.o
 .data._ZL12dense_2_bias
                0x00000000200044cc        0xa _build/nrf52840_xxaa_Mnist-Keras.cpp.o
 *fill*         0x00000000200044d6        0x2 
 .data._ZL13conv2d_4_bias
                0x00000000200044d8       0x20 _build/nrf52840_xxaa_Mnist-Keras.cpp.o
 .data._ZL13conv2d_5_bias
                0x00000000200044f8       0x20 _build/nrf52840_xxaa_Mnist-Keras.cpp.o
 .data._ZL9MNIST_IMG
                0x0000000020004518     0x1ea0 _build/nrf52840_xxaa_Mnist-Keras.cpp.o
 .data.SystemCoreClock
                0x00000000200063b8        0x4 _build/nrf52840_xxaa_system_nrf52840.c.o
                0x00000000200063b8                SystemCoreClock
                0x00000000200063bc                . = ALIGN (0x4)
                0x00000000200063bc                PROVIDE (__preinit_array_start = .)
 *(.preinit_array)
                0x00000000200063bc                PROVIDE (__preinit_array_end = .)
                0x00000000200063bc                . = ALIGN (0x4)
                0x00000000200063bc                PROVIDE (__init_array_start = .)
 *(SORT_BY_NAME(.init_array.*))
 *(.init_array)
 .init_array    0x00000000200063bc        0x4 /usr/local/Caskroom/gcc-arm-embedded/9-2019-q4-major/gcc-arm-none-eabi-9-2019-q4-major/bin/../lib/gcc/arm-none-eabi/9.2.1/thumb/v7e-m+fp/hard/crtbegin.o
                0x00000000200063c0                PROVIDE (__init_array_end = .)
                0x00000000200063c0                . = ALIGN (0x4)
                [!provide]                        PROVIDE (__fini_array_start = .)
 *(SORT_BY_NAME(.fini_array.*))
 *(.fini_array)
 .fini_array    0x00000000200063c0        0x4 /usr/local/Caskroom/gcc-arm-embedded/9-2019-q4-major/gcc-arm-none-eabi-9-2019-q4-major/bin/../lib/gcc/arm-none-eabi/9.2.1/thumb/v7e-m+fp/hard/crtbegin.o
                [!provide]                        PROVIDE (__fini_array_end = .)
 *(.jcr*)
                0x00000000200063c4                . = ALIGN (0x4)
                0x00000000200063c4                __data_end__ = .
LOAD /usr/local/Caskroom/gcc-arm-embedded/9-2019-q4-major/gcc-arm-none-eabi-9-2019-q4-major/bin/../lib/gcc/arm-none-eabi/9.2.1/thumb/v7e-m+fp/hard/crti.o
LOAD /usr/local/Caskroom/gcc-arm-embedded/9-2019-q4-major/gcc-arm-none-eabi-9-2019-q4-major/bin/../lib/gcc/arm-none-eabi/9.2.1/thumb/v7e-m+fp/hard/crtbegin.o
LOAD /usr/local/Caskroom/gcc-arm-embedded/9-2019-q4-major/gcc-arm-none-eabi-9-2019-q4-major/bin/../lib/gcc/arm-none-eabi/9.2.1/../../../../arm-none-eabi/lib/thumb/v7e-m+fp/hard/crt0.o
LOAD /usr/local/Caskroom/gcc-arm-embedded/9-2019-q4-major/gcc-arm-none-eabi-9-2019-q4-major/bin/../lib/gcc/arm-none-eabi/9.2.1/../../../../arm-none-eabi/lib/thumb/v7e-m+fp/hard/libc_nano.a
LOAD /usr/local/Caskroom/gcc-arm-embedded/9-2019-q4-major/gcc-arm-none-eabi-9-2019-q4-major/bin/../lib/gcc/arm-none-eabi/9.2.1/../../../../arm-none-eabi/lib/thumb/v7e-m+fp/hard/libnosys.a
LOAD _build/nrf52840_xxaa_nrf_log_backend_serial.c.o
LOAD _build/nrf52840_xxaa_nrf_log_frontend.c.o
LOAD _build/nrf52840_xxaa_app_error.c.o
LOAD _build/nrf52840_xxaa_app_error_weak.c.o
LOAD _build/nrf52840_xxaa_app_util_platform.c.o
LOAD _build/nrf52840_xxaa_nrf_assert.c.o
LOAD _build/nrf52840_xxaa_app_timer.c.o
LOAD _build/nrf52840_xxaa_hardfault_implementation.c.o
LOAD _build/nrf52840_xxaa_sdk_errors.c.o
LOAD _build/nrf52840_xxaa_boards.c.o
LOAD _build/nrf52840_xxaa_nrf_drv_timer.c.o
LOAD _build/nrf52840_xxaa_nrf_drv_uart.c.o
LOAD _build/nrf52840_xxaa_nrf_drv_clock.c.o
LOAD _build/nrf52840_xxaa_nrf_drv_common.c.o
LOAD _build/nrf52840_xxaa_nrf_nvic.c.o
LOAD _build/nrf52840_xxaa_nrf_soc.c.o
LOAD _build/nrf52840_xxaa_RTT_Syscalls_GCC.c.o
LOAD _build/nrf52840_xxaa_SEGGER_RTT_printf.c.o
LOAD _build/nrf52840_xxaa_SEGGER_RTT.c.o
LOAD _build/nrf52840_xxaa_Mnist-Keras.cpp.o
LOAD _build/nrf52840_xxaa_arm_softmax_q15.c.o
LOAD _build/nrf52840_xxaa_arm_q7_to_q15_reordered_no_shift.c.o
LOAD _build/nrf52840_xxaa_arm_q7_to_q15_no_shift.c.o
LOAD _build/nrf52840_xxaa_arm_nn_mat_mult_kernel_q7_q15.c.o
LOAD _build/nrf52840_xxaa_arm_convolve_HWC_q7_fast.c.o
LOAD _build/nrf52840_xxaa_arm_convolve_HWC_q7_basic.c.o
LOAD _build/nrf52840_xxaa_arm_nn_mat_mult_kernel_q7_q15_reordered.c.o
LOAD _build/nrf52840_xxaa_arm_nn_activations_q7.c.o
LOAD _build/nrf52840_xxaa_arm_relu_q7.c.o
LOAD _build/nrf52840_xxaa_arm_relu_q15.c.o
LOAD _build/nrf52840_xxaa_arm_convolve_HWC_q7_RGB.c.o
LOAD _build/nrf52840_xxaa_arm_fully_connected_q7.c.o
LOAD _build/nrf52840_xxaa_arm_fully_connected_q15.c.o
LOAD _build/nrf52840_xxaa_arm_fully_connected_q7_opt.c.o
LOAD _build/nrf52840_xxaa_arm_pool_q7_HWC.c.o
LOAD _build/nrf52840_xxaa_arm_softmax_q7.c.o
LOAD _build/nrf52840_xxaa_arm_max_q7.c.o
LOAD _build/nrf52840_xxaa_gcc_startup_nrf52840.S.o
LOAD _build/nrf52840_xxaa_system_nrf52840.c.o
LOAD /usr/local/Caskroom/gcc-arm-embedded/9-2019-q4-major/gcc-arm-none-eabi-9-2019-q4-major/bin/../lib/gcc/arm-none-eabi/9.2.1/../../../../arm-none-eabi/lib/thumb/v7e-m+fp/hard/libm.a
START GROUP
LOAD /usr/local/Caskroom/gcc-arm-embedded/9-2019-q4-major/gcc-arm-none-eabi-9-2019-q4-major/bin/../lib/gcc/arm-none-eabi/9.2.1/thumb/v7e-m+fp/hard/libgcc.a
LOAD /usr/local/Caskroom/gcc-arm-embedded/9-2019-q4-major/gcc-arm-none-eabi-9-2019-q4-major/bin/../lib/gcc/arm-none-eabi/9.2.1/../../../../arm-none-eabi/lib/thumb/v7e-m+fp/hard/libc_nano.a
END GROUP
START GROUP
LOAD /usr/local/Caskroom/gcc-arm-embedded/9-2019-q4-major/gcc-arm-none-eabi-9-2019-q4-major/bin/../lib/gcc/arm-none-eabi/9.2.1/thumb/v7e-m+fp/hard/libgcc.a
LOAD /usr/local/Caskroom/gcc-arm-embedded/9-2019-q4-major/gcc-arm-none-eabi-9-2019-q4-major/bin/../lib/gcc/arm-none-eabi/9.2.1/../../../../arm-none-eabi/lib/thumb/v7e-m+fp/hard/libc_nano.a
END GROUP
LOAD /usr/local/Caskroom/gcc-arm-embedded/9-2019-q4-major/gcc-arm-none-eabi-9-2019-q4-major/bin/../lib/gcc/arm-none-eabi/9.2.1/thumb/v7e-m+fp/hard/crtend.o
LOAD /usr/local/Caskroom/gcc-arm-embedded/9-2019-q4-major/gcc-arm-none-eabi-9-2019-q4-major/bin/../lib/gcc/arm-none-eabi/9.2.1/thumb/v7e-m+fp/hard/crtn.o
START GROUP
LOAD /usr/local/Caskroom/gcc-arm-embedded/9-2019-q4-major/gcc-arm-none-eabi-9-2019-q4-major/bin/../lib/gcc/arm-none-eabi/9.2.1/thumb/v7e-m+fp/hard/libgcc.a
LOAD /usr/local/Caskroom/gcc-arm-embedded/9-2019-q4-major/gcc-arm-none-eabi-9-2019-q4-major/bin/../lib/gcc/arm-none-eabi/9.2.1/../../../../arm-none-eabi/lib/thumb/v7e-m+fp/hard/libc.a
LOAD /usr/local/Caskroom/gcc-arm-embedded/9-2019-q4-major/gcc-arm-none-eabi-9-2019-q4-major/bin/../lib/gcc/arm-none-eabi/9.2.1/../../../../arm-none-eabi/lib/thumb/v7e-m+fp/hard/libnosys.a
END GROUP

.igot.plt       0x00000000200063c4        0x0 load address 0x000000000000baa4
 .igot.plt      0x00000000200063c4        0x0 /usr/local/Caskroom/gcc-arm-embedded/9-2019-q4-major/gcc-arm-none-eabi-9-2019-q4-major/bin/../lib/gcc/arm-none-eabi/9.2.1/thumb/v7e-m+fp/hard/crtbegin.o

.fs_data        0x00000000200063c4        0x0
                [!provide]                        PROVIDE (__start_fs_data = .)
 *(.fs_data)
                [!provide]                        PROVIDE (__stop_fs_data = .)

.pwr_mgmt_data  0x00000000200063c4        0x0
                [!provide]                        PROVIDE (__start_pwr_mgmt_data = .)
 *(.pwr_mgmt_data)
                [!provide]                        PROVIDE (__stop_pwr_mgmt_data = .)

.bss            0x00000000200063c4     0xa15c load address 0x000000000000baa4
                0x00000000200063c4                . = ALIGN (0x4)
                0x00000000200063c4                __bss_start__ = .
 *(.bss*)
 .bss           0x00000000200063c4       0x1c /usr/local/Caskroom/gcc-arm-embedded/9-2019-q4-major/gcc-arm-none-eabi-9-2019-q4-major/bin/../lib/gcc/arm-none-eabi/9.2.1/thumb/v7e-m+fp/hard/crtbegin.o
 .bss.m_blocking_mode
                0x00000000200063e0        0x1 _build/nrf52840_xxaa_nrf_log_backend_serial.c.o
 .bss.m_initialized
                0x00000000200063e1        0x1 _build/nrf52840_xxaa_nrf_log_backend_serial.c.o
 .bss.m_rx_done
                0x00000000200063e2        0x1 _build/nrf52840_xxaa_nrf_log_backend_serial.c.o
 *fill*         0x00000000200063e3        0x1 
 .bss.m_log_data
                0x00000000200063e4      0x418 _build/nrf52840_xxaa_nrf_log_frontend.c.o
 .bss.m_in_critical_region
                0x00000000200067fc        0x4 _build/nrf52840_xxaa_app_util_platform.c.o
 .bss.m_evt_schedule_func
                0x0000000020006800        0x4 _build/nrf52840_xxaa_app_timer.c.o
 .bss.m_op_queue
                0x0000000020006804        0x8 _build/nrf52840_xxaa_app_timer.c.o
 .bss.m_rtc1_reset
                0x000000002000680c        0x1 _build/nrf52840_xxaa_app_timer.c.o
 .bss.m_rtc1_running
                0x000000002000680d        0x1 _build/nrf52840_xxaa_app_timer.c.o
 *fill*         0x000000002000680e        0x2 
 .bss.m_ticks_elapsed
                0x0000000020006810        0x8 _build/nrf52840_xxaa_app_timer.c.o
 .bss.m_ticks_elapsed_q_read_ind
                0x0000000020006818        0x1 _build/nrf52840_xxaa_app_timer.c.o
 .bss.m_ticks_elapsed_q_write_ind
                0x0000000020006819        0x1 _build/nrf52840_xxaa_app_timer.c.o
 *fill*         0x000000002000681a        0x2 
 .bss.m_ticks_latest
                0x000000002000681c        0x4 _build/nrf52840_xxaa_app_timer.c.o
 .bss.mp_timer_id_head
                0x0000000020006820        0x4 _build/nrf52840_xxaa_app_timer.c.o
 .bss.m_cb      0x0000000020006824        0xc _build/nrf52840_xxaa_nrf_drv_timer.c.o
 .bss.m_cb      0x0000000020006830       0x20 _build/nrf52840_xxaa_nrf_drv_uart.c.o
 .bss._acDownBuffer
                0x0000000020006850       0x10 _build/nrf52840_xxaa_SEGGER_RTT.c.o
 .bss._acUpBuffer
                0x0000000020006860      0x200 _build/nrf52840_xxaa_SEGGER_RTT.c.o
 .bss._ZL12dense_buffer
                0x0000000020006a60      0x640 _build/nrf52840_xxaa_Mnist-Keras.cpp.o
 .bss._ZL14conv_buffer_in
                0x00000000200070a0     0x2a40 _build/nrf52840_xxaa_Mnist-Keras.cpp.o
 .bss._ZL15conv_buffer_out
                0x0000000020009ae0     0x5480 _build/nrf52840_xxaa_Mnist-Keras.cpp.o
 .bss._ZL5y_out
                0x000000002000ef60        0xa _build/nrf52840_xxaa_Mnist-Keras.cpp.o
 *fill*         0x000000002000ef6a        0x2 
 .bss._ZL8pool_out
                0x000000002000ef6c     0x1520 _build/nrf52840_xxaa_Mnist-Keras.cpp.o
 .bss.__malloc_free_list
                0x000000002001048c        0x4 /usr/local/Caskroom/gcc-arm-embedded/9-2019-q4-major/gcc-arm-none-eabi-9-2019-q4-major/bin/../lib/gcc/arm-none-eabi/9.2.1/../../../../arm-none-eabi/lib/thumb/v7e-m+fp/hard/libc_nano.a(lib_a-nano-mallocr.o)
                0x000000002001048c                __malloc_free_list
 .bss.__malloc_sbrk_start
                0x0000000020010490        0x4 /usr/local/Caskroom/gcc-arm-embedded/9-2019-q4-major/gcc-arm-none-eabi-9-2019-q4-major/bin/../lib/gcc/arm-none-eabi/9.2.1/../../../../arm-none-eabi/lib/thumb/v7e-m+fp/hard/libc_nano.a(lib_a-nano-mallocr.o)
                0x0000000020010490                __malloc_sbrk_start
 .bss.heap_end.5507
                0x0000000020010494        0x4 /usr/local/Caskroom/gcc-arm-embedded/9-2019-q4-major/gcc-arm-none-eabi-9-2019-q4-major/bin/../lib/gcc/arm-none-eabi/9.2.1/../../../../arm-none-eabi/lib/thumb/v7e-m+fp/hard/libnosys.a(sbrk.o)
 *(COMMON)
 COMMON         0x0000000020010498       0x78 _build/nrf52840_xxaa_SEGGER_RTT.c.o
                0x0000000020010498                _SEGGER_RTT
 COMMON         0x0000000020010510        0x9 /usr/local/Caskroom/gcc-arm-embedded/9-2019-q4-major/gcc-arm-none-eabi-9-2019-q4-major/bin/../lib/gcc/arm-none-eabi/9.2.1/../../../../arm-none-eabi/lib/thumb/v7e-m+fp/hard/libc_nano.a(lib_a-lock.o)
                0x0000000020010510                __lock___atexit_recursive_mutex
                0x0000000020010511                __lock___arc4random_mutex
                0x0000000020010512                __lock___env_recursive_mutex
                0x0000000020010513                __lock___sinit_recursive_mutex
                0x0000000020010514                __lock___malloc_recursive_mutex
                0x0000000020010515                __lock___at_quick_exit_mutex
                0x0000000020010516                __lock___dd_hash_mutex
                0x0000000020010517                __lock___tz_mutex
                0x0000000020010518                __lock___sfp_recursive_mutex
 *fill*         0x0000000020010519        0x3 
 COMMON         0x000000002001051c        0x4 /usr/local/Caskroom/gcc-arm-embedded/9-2019-q4-major/gcc-arm-none-eabi-9-2019-q4-major/bin/../lib/gcc/arm-none-eabi/9.2.1/../../../../arm-none-eabi/lib/thumb/v7e-m+fp/hard/libc_nano.a(lib_a-reent.o)
                0x000000002001051c                errno
                0x0000000020010520                . = ALIGN (0x4)
                0x0000000020010520                __bss_end__ = .

.heap           0x0000000020010520     0x2000
                0x0000000020010520                __HeapBase = .
                0x0000000020010520                __end__ = .
                0x0000000020010520                PROVIDE (end = .)
 *(.heap*)
 .heap          0x0000000020010520     0x2000 _build/nrf52840_xxaa_gcc_startup_nrf52840.S.o
                0x0000000020012520                __HeapLimit = .

.stack_dummy    0x0000000020010520     0x2000
 *(.stack*)
 .stack         0x0000000020010520     0x2000 _build/nrf52840_xxaa_gcc_startup_nrf52840.S.o
                0x0000000020040000                __StackTop = (ORIGIN (RAM) + LENGTH (RAM))
                0x000000002003e000                __StackLimit = (__StackTop - SIZEOF (.stack_dummy))
                0x0000000020040000                PROVIDE (__stack = __StackTop)
                0x0000000000000001                ASSERT ((__StackLimit >= __HeapLimit), region RAM overflowed with stack)
OUTPUT(_build/nrf52840_xxaa.out elf32-littlearm)

.ARM.attributes
                0x0000000000000000       0x30
 .ARM.attributes
                0x0000000000000000       0x1e /usr/local/Caskroom/gcc-arm-embedded/9-2019-q4-major/gcc-arm-none-eabi-9-2019-q4-major/bin/../lib/gcc/arm-none-eabi/9.2.1/thumb/v7e-m+fp/hard/crti.o
 .ARM.attributes
                0x000000000000001e       0x34 /usr/local/Caskroom/gcc-arm-embedded/9-2019-q4-major/gcc-arm-none-eabi-9-2019-q4-major/bin/../lib/gcc/arm-none-eabi/9.2.1/thumb/v7e-m+fp/hard/crtbegin.o
 .ARM.attributes
                0x0000000000000052       0x1c /usr/local/Caskroom/gcc-arm-embedded/9-2019-q4-major/gcc-arm-none-eabi-9-2019-q4-major/bin/../lib/gcc/arm-none-eabi/9.2.1/../../../../arm-none-eabi/lib/thumb/v7e-m+fp/hard/crt0.o
 .ARM.attributes
                0x000000000000006e       0x34 /usr/local/Caskroom/gcc-arm-embedded/9-2019-q4-major/gcc-arm-none-eabi-9-2019-q4-major/bin/../lib/gcc/arm-none-eabi/9.2.1/../../../../arm-none-eabi/lib/thumb/v7e-m+fp/hard/libc_nano.a(lib_a-exit.o)
 .ARM.attributes
                0x00000000000000a2       0x32 /usr/local/Caskroom/gcc-arm-embedded/9-2019-q4-major/gcc-arm-none-eabi-9-2019-q4-major/bin/../lib/gcc/arm-none-eabi/9.2.1/../../../../arm-none-eabi/lib/thumb/v7e-m+fp/hard/libc_nano.a(lib_a-impure.o)
 .ARM.attributes
                0x00000000000000d4       0x34 /usr/local/Caskroom/gcc-arm-embedded/9-2019-q4-major/gcc-arm-none-eabi-9-2019-q4-major/bin/../lib/gcc/arm-none-eabi/9.2.1/../../../../arm-none-eabi/lib/thumb/v7e-m+fp/hard/libc_nano.a(lib_a-init.o)
 .ARM.attributes
                0x0000000000000108       0x34 /usr/local/Caskroom/gcc-arm-embedded/9-2019-q4-major/gcc-arm-none-eabi-9-2019-q4-major/bin/../lib/gcc/arm-none-eabi/9.2.1/../../../../arm-none-eabi/lib/thumb/v7e-m+fp/hard/libc_nano.a(lib_a-memset.o)
 .ARM.attributes
                0x000000000000013c       0x34 /usr/local/Caskroom/gcc-arm-embedded/9-2019-q4-major/gcc-arm-none-eabi-9-2019-q4-major/bin/../lib/gcc/arm-none-eabi/9.2.1/../../../../arm-none-eabi/lib/thumb/v7e-m+fp/hard/libnosys.a(_exit.o)
 .ARM.attributes
                0x0000000000000170       0x34 _build/nrf52840_xxaa_nrf_log_backend_serial.c.o
 .ARM.attributes
                0x00000000000001a4       0x34 _build/nrf52840_xxaa_nrf_log_frontend.c.o
 .ARM.attributes
                0x00000000000001d8       0x34 _build/nrf52840_xxaa_app_error.c.o
 .ARM.attributes
                0x000000000000020c       0x34 _build/nrf52840_xxaa_app_error_weak.c.o
 .ARM.attributes
                0x0000000000000240       0x34 _build/nrf52840_xxaa_app_util_platform.c.o
 .ARM.attributes
                0x0000000000000274       0x34 _build/nrf52840_xxaa_app_timer.c.o
 .ARM.attributes
                0x00000000000002a8       0x34 _build/nrf52840_xxaa_nrf_drv_timer.c.o
 .ARM.attributes
                0x00000000000002dc       0x34 _build/nrf52840_xxaa_nrf_drv_uart.c.o
 .ARM.attributes
                0x0000000000000310       0x34 _build/nrf52840_xxaa_nrf_drv_common.c.o
 .ARM.attributes
                0x0000000000000344       0x34 _build/nrf52840_xxaa_RTT_Syscalls_GCC.c.o
 .ARM.attributes
                0x0000000000000378       0x34 _build/nrf52840_xxaa_SEGGER_RTT.c.o
 .ARM.attributes
                0x00000000000003ac       0x34 _build/nrf52840_xxaa_Mnist-Keras.cpp.o
 .ARM.attributes
                0x00000000000003e0       0x34 _build/nrf52840_xxaa_arm_q7_to_q15_reordered_no_shift.c.o
 .ARM.attributes
                0x0000000000000414       0x34 _build/nrf52840_xxaa_arm_nn_mat_mult_kernel_q7_q15.c.o
 .ARM.attributes
                0x0000000000000448       0x34 _build/nrf52840_xxaa_arm_convolve_HWC_q7_fast.c.o
 .ARM.attributes
                0x000000000000047c       0x34 _build/nrf52840_xxaa_arm_nn_mat_mult_kernel_q7_q15_reordered.c.o
 .ARM.attributes
                0x00000000000004b0       0x34 _build/nrf52840_xxaa_arm_relu_q7.c.o
 .ARM.attributes
                0x00000000000004e4       0x34 _build/nrf52840_xxaa_arm_convolve_HWC_q7_RGB.c.o
 .ARM.attributes
                0x0000000000000518       0x34 _build/nrf52840_xxaa_arm_fully_connected_q7_opt.c.o
 .ARM.attributes
                0x000000000000054c       0x34 _build/nrf52840_xxaa_arm_pool_q7_HWC.c.o
 .ARM.attributes
                0x0000000000000580       0x34 _build/nrf52840_xxaa_arm_softmax_q7.c.o
 .ARM.attributes
                0x00000000000005b4       0x34 _build/nrf52840_xxaa_arm_max_q7.c.o
 .ARM.attributes
                0x00000000000005e8       0x1c _build/nrf52840_xxaa_gcc_startup_nrf52840.S.o
 .ARM.attributes
                0x0000000000000604       0x34 _build/nrf52840_xxaa_system_nrf52840.c.o
 .ARM.attributes
                0x0000000000000638       0x34 /usr/local/Caskroom/gcc-arm-embedded/9-2019-q4-major/gcc-arm-none-eabi-9-2019-q4-major/bin/../lib/gcc/arm-none-eabi/9.2.1/../../../../arm-none-eabi/lib/thumb/v7e-m+fp/hard/libc_nano.a(lib_a-memcpy-stub.o)
 .ARM.attributes
                0x000000000000066c       0x34 /usr/local/Caskroom/gcc-arm-embedded/9-2019-q4-major/gcc-arm-none-eabi-9-2019-q4-major/bin/../lib/gcc/arm-none-eabi/9.2.1/../../../../arm-none-eabi/lib/thumb/v7e-m+fp/hard/libc_nano.a(lib_a-memmove.o)
 .ARM.attributes
                0x00000000000006a0       0x34 /usr/local/Caskroom/gcc-arm-embedded/9-2019-q4-major/gcc-arm-none-eabi-9-2019-q4-major/bin/../lib/gcc/arm-none-eabi/9.2.1/../../../../arm-none-eabi/lib/thumb/v7e-m+fp/hard/libc_nano.a(lib_a-printf.o)
 .ARM.attributes
                0x00000000000006d4       0x34 /usr/local/Caskroom/gcc-arm-embedded/9-2019-q4-major/gcc-arm-none-eabi-9-2019-q4-major/bin/../lib/gcc/arm-none-eabi/9.2.1/../../../../arm-none-eabi/lib/thumb/v7e-m+fp/hard/libc_nano.a(lib_a-strcpy.o)
 .ARM.attributes
                0x0000000000000708       0x34 /usr/local/Caskroom/gcc-arm-embedded/9-2019-q4-major/gcc-arm-none-eabi-9-2019-q4-major/bin/../lib/gcc/arm-none-eabi/9.2.1/../../../../arm-none-eabi/lib/thumb/v7e-m+fp/hard/libc_nano.a(lib_a-findfp.o)
 .ARM.attributes
                0x000000000000073c       0x34 /usr/local/Caskroom/gcc-arm-embedded/9-2019-q4-major/gcc-arm-none-eabi-9-2019-q4-major/bin/../lib/gcc/arm-none-eabi/9.2.1/../../../../arm-none-eabi/lib/thumb/v7e-m+fp/hard/libc_nano.a(lib_a-fwalk.o)
 .ARM.attributes
                0x0000000000000770       0x34 /usr/local/Caskroom/gcc-arm-embedded/9-2019-q4-major/gcc-arm-none-eabi-9-2019-q4-major/bin/../lib/gcc/arm-none-eabi/9.2.1/../../../../arm-none-eabi/lib/thumb/v7e-m+fp/hard/libc_nano.a(lib_a-lock.o)
 .ARM.attributes
                0x00000000000007a4       0x34 /usr/local/Caskroom/gcc-arm-embedded/9-2019-q4-major/gcc-arm-none-eabi-9-2019-q4-major/bin/../lib/gcc/arm-none-eabi/9.2.1/../../../../arm-none-eabi/lib/thumb/v7e-m+fp/hard/libc_nano.a(lib_a-nano-mallocr.o)
 .ARM.attributes
                0x00000000000007d8       0x34 /usr/local/Caskroom/gcc-arm-embedded/9-2019-q4-major/gcc-arm-none-eabi-9-2019-q4-major/bin/../lib/gcc/arm-none-eabi/9.2.1/../../../../arm-none-eabi/lib/thumb/v7e-m+fp/hard/libc_nano.a(lib_a-nano-vfprintf.o)
 .ARM.attributes
                0x000000000000080c       0x34 /usr/local/Caskroom/gcc-arm-embedded/9-2019-q4-major/gcc-arm-none-eabi-9-2019-q4-major/bin/../lib/gcc/arm-none-eabi/9.2.1/../../../../arm-none-eabi/lib/thumb/v7e-m+fp/hard/libc_nano.a(lib_a-nano-vfprintf_i.o)
 .ARM.attributes
                0x0000000000000840       0x34 /usr/local/Caskroom/gcc-arm-embedded/9-2019-q4-major/gcc-arm-none-eabi-9-2019-q4-major/bin/../lib/gcc/arm-none-eabi/9.2.1/../../../../arm-none-eabi/lib/thumb/v7e-m+fp/hard/libc_nano.a(lib_a-reent.o)
 .ARM.attributes
                0x0000000000000874       0x34 /usr/local/Caskroom/gcc-arm-embedded/9-2019-q4-major/gcc-arm-none-eabi-9-2019-q4-major/bin/../lib/gcc/arm-none-eabi/9.2.1/../../../../arm-none-eabi/lib/thumb/v7e-m+fp/hard/libc_nano.a(lib_a-sbrkr.o)
 .ARM.attributes
                0x00000000000008a8       0x34 /usr/local/Caskroom/gcc-arm-embedded/9-2019-q4-major/gcc-arm-none-eabi-9-2019-q4-major/bin/../lib/gcc/arm-none-eabi/9.2.1/../../../../arm-none-eabi/lib/thumb/v7e-m+fp/hard/libc_nano.a(lib_a-stdio.o)
 .ARM.attributes
                0x00000000000008dc       0x34 /usr/local/Caskroom/gcc-arm-embedded/9-2019-q4-major/gcc-arm-none-eabi-9-2019-q4-major/bin/../lib/gcc/arm-none-eabi/9.2.1/../../../../arm-none-eabi/lib/thumb/v7e-m+fp/hard/libc_nano.a(lib_a-wbuf.o)
 .ARM.attributes
                0x0000000000000910       0x34 /usr/local/Caskroom/gcc-arm-embedded/9-2019-q4-major/gcc-arm-none-eabi-9-2019-q4-major/bin/../lib/gcc/arm-none-eabi/9.2.1/../../../../arm-none-eabi/lib/thumb/v7e-m+fp/hard/libc_nano.a(lib_a-wsetup.o)
 .ARM.attributes
                0x0000000000000944       0x34 /usr/local/Caskroom/gcc-arm-embedded/9-2019-q4-major/gcc-arm-none-eabi-9-2019-q4-major/bin/../lib/gcc/arm-none-eabi/9.2.1/../../../../arm-none-eabi/lib/thumb/v7e-m+fp/hard/libc_nano.a(lib_a-closer.o)
 .ARM.attributes
                0x0000000000000978       0x34 /usr/local/Caskroom/gcc-arm-embedded/9-2019-q4-major/gcc-arm-none-eabi-9-2019-q4-major/bin/../lib/gcc/arm-none-eabi/9.2.1/../../../../arm-none-eabi/lib/thumb/v7e-m+fp/hard/libc_nano.a(lib_a-fflush.o)
 .ARM.attributes
                0x00000000000009ac       0x34 /usr/local/Caskroom/gcc-arm-embedded/9-2019-q4-major/gcc-arm-none-eabi-9-2019-q4-major/bin/../lib/gcc/arm-none-eabi/9.2.1/../../../../arm-none-eabi/lib/thumb/v7e-m+fp/hard/libc_nano.a(lib_a-lseekr.o)
 .ARM.attributes
                0x00000000000009e0       0x34 /usr/local/Caskroom/gcc-arm-embedded/9-2019-q4-major/gcc-arm-none-eabi-9-2019-q4-major/bin/../lib/gcc/arm-none-eabi/9.2.1/../../../../arm-none-eabi/lib/thumb/v7e-m+fp/hard/libc_nano.a(lib_a-makebuf.o)
 .ARM.attributes
                0x0000000000000a14       0x1c /usr/local/Caskroom/gcc-arm-embedded/9-2019-q4-major/gcc-arm-none-eabi-9-2019-q4-major/bin/../lib/gcc/arm-none-eabi/9.2.1/../../../../arm-none-eabi/lib/thumb/v7e-m+fp/hard/libc_nano.a(lib_a-memchr.o)
 .ARM.attributes
                0x0000000000000a30       0x34 /usr/local/Caskroom/gcc-arm-embedded/9-2019-q4-major/gcc-arm-none-eabi-9-2019-q4-major/bin/../lib/gcc/arm-none-eabi/9.2.1/../../../../arm-none-eabi/lib/thumb/v7e-m+fp/hard/libc_nano.a(lib_a-mlock.o)
 .ARM.attributes
                0x0000000000000a64       0x34 /usr/local/Caskroom/gcc-arm-embedded/9-2019-q4-major/gcc-arm-none-eabi-9-2019-q4-major/bin/../lib/gcc/arm-none-eabi/9.2.1/../../../../arm-none-eabi/lib/thumb/v7e-m+fp/hard/libc_nano.a(lib_a-nano-freer.o)
 .ARM.attributes
                0x0000000000000a98       0x34 /usr/local/Caskroom/gcc-arm-embedded/9-2019-q4-major/gcc-arm-none-eabi-9-2019-q4-major/bin/../lib/gcc/arm-none-eabi/9.2.1/../../../../arm-none-eabi/lib/thumb/v7e-m+fp/hard/libc_nano.a(lib_a-readr.o)
 .ARM.attributes
                0x0000000000000acc       0x34 /usr/local/Caskroom/gcc-arm-embedded/9-2019-q4-major/gcc-arm-none-eabi-9-2019-q4-major/bin/../lib/gcc/arm-none-eabi/9.2.1/../../../../arm-none-eabi/lib/thumb/v7e-m+fp/hard/libc_nano.a(lib_a-fstatr.o)
 .ARM.attributes
                0x0000000000000b00       0x34 /usr/local/Caskroom/gcc-arm-embedded/9-2019-q4-major/gcc-arm-none-eabi-9-2019-q4-major/bin/../lib/gcc/arm-none-eabi/9.2.1/../../../../arm-none-eabi/lib/thumb/v7e-m+fp/hard/libc_nano.a(lib_a-isattyr.o)
 .ARM.attributes
                0x0000000000000b34       0x32 /usr/local/Caskroom/gcc-arm-embedded/9-2019-q4-major/gcc-arm-none-eabi-9-2019-q4-major/bin/../lib/gcc/arm-none-eabi/9.2.1/thumb/v7e-m+fp/hard/crtend.o
 .ARM.attributes
                0x0000000000000b66       0x1e /usr/local/Caskroom/gcc-arm-embedded/9-2019-q4-major/gcc-arm-none-eabi-9-2019-q4-major/bin/../lib/gcc/arm-none-eabi/9.2.1/thumb/v7e-m+fp/hard/crtn.o
 .ARM.attributes
                0x0000000000000b84       0x34 /usr/local/Caskroom/gcc-arm-embedded/9-2019-q4-major/gcc-arm-none-eabi-9-2019-q4-major/bin/../lib/gcc/arm-none-eabi/9.2.1/../../../../arm-none-eabi/lib/thumb/v7e-m+fp/hard/libnosys.a(close.o)
 .ARM.attributes
                0x0000000000000bb8       0x34 /usr/local/Caskroom/gcc-arm-embedded/9-2019-q4-major/gcc-arm-none-eabi-9-2019-q4-major/bin/../lib/gcc/arm-none-eabi/9.2.1/../../../../arm-none-eabi/lib/thumb/v7e-m+fp/hard/libnosys.a(fstat.o)
 .ARM.attributes
                0x0000000000000bec       0x34 /usr/local/Caskroom/gcc-arm-embedded/9-2019-q4-major/gcc-arm-none-eabi-9-2019-q4-major/bin/../lib/gcc/arm-none-eabi/9.2.1/../../../../arm-none-eabi/lib/thumb/v7e-m+fp/hard/libnosys.a(isatty.o)
 .ARM.attributes
                0x0000000000000c20       0x34 /usr/local/Caskroom/gcc-arm-embedded/9-2019-q4-major/gcc-arm-none-eabi-9-2019-q4-major/bin/../lib/gcc/arm-none-eabi/9.2.1/../../../../arm-none-eabi/lib/thumb/v7e-m+fp/hard/libnosys.a(lseek.o)
 .ARM.attributes
                0x0000000000000c54       0x34 /usr/local/Caskroom/gcc-arm-embedded/9-2019-q4-major/gcc-arm-none-eabi-9-2019-q4-major/bin/../lib/gcc/arm-none-eabi/9.2.1/../../../../arm-none-eabi/lib/thumb/v7e-m+fp/hard/libnosys.a(read.o)
 .ARM.attributes
                0x0000000000000c88       0x34 /usr/local/Caskroom/gcc-arm-embedded/9-2019-q4-major/gcc-arm-none-eabi-9-2019-q4-major/bin/../lib/gcc/arm-none-eabi/9.2.1/../../../../arm-none-eabi/lib/thumb/v7e-m+fp/hard/libnosys.a(sbrk.o)

.comment        0x0000000000000000       0x79
 .comment       0x0000000000000000       0x79 _build/nrf52840_xxaa_nrf_log_backend_serial.c.o
                                         0x7a (size before relaxing)
 .comment       0x0000000000000079       0x7a _build/nrf52840_xxaa_nrf_log_frontend.c.o
 .comment       0x0000000000000079       0x7a _build/nrf52840_xxaa_app_error.c.o
 .comment       0x0000000000000079       0x7a _build/nrf52840_xxaa_app_error_weak.c.o
 .comment       0x0000000000000079       0x7a _build/nrf52840_xxaa_app_util_platform.c.o
 .comment       0x0000000000000079       0x7a _build/nrf52840_xxaa_app_timer.c.o
 .comment       0x0000000000000079       0x7a _build/nrf52840_xxaa_nrf_drv_timer.c.o
 .comment       0x0000000000000079       0x7a _build/nrf52840_xxaa_nrf_drv_uart.c.o
 .comment       0x0000000000000079       0x7a _build/nrf52840_xxaa_nrf_drv_common.c.o
 .comment       0x0000000000000079       0x7a _build/nrf52840_xxaa_RTT_Syscalls_GCC.c.o
 .comment       0x0000000000000079       0x7a _build/nrf52840_xxaa_SEGGER_RTT.c.o
 .comment       0x0000000000000079       0x7a _build/nrf52840_xxaa_Mnist-Keras.cpp.o
 .comment       0x0000000000000079       0x7a _build/nrf52840_xxaa_arm_q7_to_q15_reordered_no_shift.c.o
 .comment       0x0000000000000079       0x7a _build/nrf52840_xxaa_arm_nn_mat_mult_kernel_q7_q15.c.o
 .comment       0x0000000000000079       0x7a _build/nrf52840_xxaa_arm_convolve_HWC_q7_fast.c.o
 .comment       0x0000000000000079       0x7a _build/nrf52840_xxaa_arm_nn_mat_mult_kernel_q7_q15_reordered.c.o
 .comment       0x0000000000000079       0x7a _build/nrf52840_xxaa_arm_relu_q7.c.o
 .comment       0x0000000000000079       0x7a _build/nrf52840_xxaa_arm_convolve_HWC_q7_RGB.c.o
 .comment       0x0000000000000079       0x7a _build/nrf52840_xxaa_arm_fully_connected_q7_opt.c.o
 .comment       0x0000000000000079       0x7a _build/nrf52840_xxaa_arm_pool_q7_HWC.c.o
 .comment       0x0000000000000079       0x7a _build/nrf52840_xxaa_arm_softmax_q7.c.o
 .comment       0x0000000000000079       0x7a _build/nrf52840_xxaa_arm_max_q7.c.o
 .comment       0x0000000000000079       0x7a _build/nrf52840_xxaa_system_nrf52840.c.o

.debug_frame    0x0000000000000000     0x1978
 .debug_frame   0x0000000000000000       0x28 /usr/local/Caskroom/gcc-arm-embedded/9-2019-q4-major/gcc-arm-none-eabi-9-2019-q4-major/bin/../lib/gcc/arm-none-eabi/9.2.1/../../../../arm-none-eabi/lib/thumb/v7e-m+fp/hard/libc_nano.a(lib_a-exit.o)
 .debug_frame   0x0000000000000028       0x2c /usr/local/Caskroom/gcc-arm-embedded/9-2019-q4-major/gcc-arm-none-eabi-9-2019-q4-major/bin/../lib/gcc/arm-none-eabi/9.2.1/../../../../arm-none-eabi/lib/thumb/v7e-m+fp/hard/libc_nano.a(lib_a-init.o)
 .debug_frame   0x0000000000000054       0x20 /usr/local/Caskroom/gcc-arm-embedded/9-2019-q4-major/gcc-arm-none-eabi-9-2019-q4-major/bin/../lib/gcc/arm-none-eabi/9.2.1/../../../../arm-none-eabi/lib/thumb/v7e-m+fp/hard/libc_nano.a(lib_a-memset.o)
 .debug_frame   0x0000000000000074       0x20 /usr/local/Caskroom/gcc-arm-embedded/9-2019-q4-major/gcc-arm-none-eabi-9-2019-q4-major/bin/../lib/gcc/arm-none-eabi/9.2.1/../../../../arm-none-eabi/lib/thumb/v7e-m+fp/hard/libnosys.a(_exit.o)
 .debug_frame   0x0000000000000094       0xf0 _build/nrf52840_xxaa_nrf_log_backend_serial.c.o
 .debug_frame   0x0000000000000184      0x2d8 _build/nrf52840_xxaa_nrf_log_frontend.c.o
 .debug_frame   0x000000000000045c       0x74 _build/nrf52840_xxaa_app_error.c.o
 .debug_frame   0x00000000000004d0       0x28 _build/nrf52840_xxaa_app_error_weak.c.o
 .debug_frame   0x00000000000004f8       0x50 _build/nrf52840_xxaa_app_util_platform.c.o
 .debug_frame   0x0000000000000548      0x114 _build/nrf52840_xxaa_app_timer.c.o
 .debug_frame   0x000000000000065c      0x174 _build/nrf52840_xxaa_nrf_drv_timer.c.o
 .debug_frame   0x00000000000007d0      0x1c0 _build/nrf52840_xxaa_nrf_drv_uart.c.o
 .debug_frame   0x0000000000000990       0x2c _build/nrf52840_xxaa_nrf_drv_common.c.o
 .debug_frame   0x00000000000009bc       0x40 _build/nrf52840_xxaa_RTT_Syscalls_GCC.c.o
 .debug_frame   0x00000000000009fc      0x2dc _build/nrf52840_xxaa_SEGGER_RTT.c.o
 .debug_frame   0x0000000000000cd8       0x74 _build/nrf52840_xxaa_Mnist-Keras.cpp.o
 .debug_frame   0x0000000000000d4c       0x3c _build/nrf52840_xxaa_arm_q7_to_q15_reordered_no_shift.c.o
 .debug_frame   0x0000000000000d88       0x44 _build/nrf52840_xxaa_arm_nn_mat_mult_kernel_q7_q15.c.o
 .debug_frame   0x0000000000000dcc       0x5c _build/nrf52840_xxaa_arm_convolve_HWC_q7_fast.c.o
 .debug_frame   0x0000000000000e28       0x44 _build/nrf52840_xxaa_arm_nn_mat_mult_kernel_q7_q15_reordered.c.o
 .debug_frame   0x0000000000000e6c       0x38 _build/nrf52840_xxaa_arm_relu_q7.c.o
 .debug_frame   0x0000000000000ea4       0x54 _build/nrf52840_xxaa_arm_convolve_HWC_q7_RGB.c.o
 .debug_frame   0x0000000000000ef8       0x40 _build/nrf52840_xxaa_arm_fully_connected_q7_opt.c.o
 .debug_frame   0x0000000000000f38       0xec _build/nrf52840_xxaa_arm_pool_q7_HWC.c.o
 .debug_frame   0x0000000000001024       0x34 _build/nrf52840_xxaa_arm_softmax_q7.c.o
 .debug_frame   0x0000000000001058       0x3c _build/nrf52840_xxaa_arm_max_q7.c.o
 .debug_frame   0x0000000000001094       0x40 _build/nrf52840_xxaa_system_nrf52840.c.o
 .debug_frame   0x00000000000010d4       0x28 /usr/local/Caskroom/gcc-arm-embedded/9-2019-q4-major/gcc-arm-none-eabi-9-2019-q4-major/bin/../lib/gcc/arm-none-eabi/9.2.1/../../../../arm-none-eabi/lib/thumb/v7e-m+fp/hard/libc_nano.a(lib_a-memcpy-stub.o)
 .debug_frame   0x00000000000010fc       0x28 /usr/local/Caskroom/gcc-arm-embedded/9-2019-q4-major/gcc-arm-none-eabi-9-2019-q4-major/bin/../lib/gcc/arm-none-eabi/9.2.1/../../../../arm-none-eabi/lib/thumb/v7e-m+fp/hard/libc_nano.a(lib_a-memmove.o)
 .debug_frame   0x0000000000001124       0x74 /usr/local/Caskroom/gcc-arm-embedded/9-2019-q4-major/gcc-arm-none-eabi-9-2019-q4-major/bin/../lib/gcc/arm-none-eabi/9.2.1/../../../../arm-none-eabi/lib/thumb/v7e-m+fp/hard/libc_nano.a(lib_a-printf.o)
 .debug_frame   0x0000000000001198       0x20 /usr/local/Caskroom/gcc-arm-embedded/9-2019-q4-major/gcc-arm-none-eabi-9-2019-q4-major/bin/../lib/gcc/arm-none-eabi/9.2.1/../../../../arm-none-eabi/lib/thumb/v7e-m+fp/hard/libc_nano.a(lib_a-strcpy.o)
 .debug_frame   0x00000000000011b8      0x14c /usr/local/Caskroom/gcc-arm-embedded/9-2019-q4-major/gcc-arm-none-eabi-9-2019-q4-major/bin/../lib/gcc/arm-none-eabi/9.2.1/../../../../arm-none-eabi/lib/thumb/v7e-m+fp/hard/libc_nano.a(lib_a-findfp.o)
 .debug_frame   0x0000000000001304       0x54 /usr/local/Caskroom/gcc-arm-embedded/9-2019-q4-major/gcc-arm-none-eabi-9-2019-q4-major/bin/../lib/gcc/arm-none-eabi/9.2.1/../../../../arm-none-eabi/lib/thumb/v7e-m+fp/hard/libc_nano.a(lib_a-fwalk.o)
 .debug_frame   0x0000000000001358       0xb0 /usr/local/Caskroom/gcc-arm-embedded/9-2019-q4-major/gcc-arm-none-eabi-9-2019-q4-major/bin/../lib/gcc/arm-none-eabi/9.2.1/../../../../arm-none-eabi/lib/thumb/v7e-m+fp/hard/libc_nano.a(lib_a-lock.o)
 .debug_frame   0x0000000000001408       0x30 /usr/local/Caskroom/gcc-arm-embedded/9-2019-q4-major/gcc-arm-none-eabi-9-2019-q4-major/bin/../lib/gcc/arm-none-eabi/9.2.1/../../../../arm-none-eabi/lib/thumb/v7e-m+fp/hard/libc_nano.a(lib_a-nano-mallocr.o)
 .debug_frame   0x0000000000001438       0xac /usr/local/Caskroom/gcc-arm-embedded/9-2019-q4-major/gcc-arm-none-eabi-9-2019-q4-major/bin/../lib/gcc/arm-none-eabi/9.2.1/../../../../arm-none-eabi/lib/thumb/v7e-m+fp/hard/libc_nano.a(lib_a-nano-vfprintf.o)
 .debug_frame   0x00000000000014e4       0x60 /usr/local/Caskroom/gcc-arm-embedded/9-2019-q4-major/gcc-arm-none-eabi-9-2019-q4-major/bin/../lib/gcc/arm-none-eabi/9.2.1/../../../../arm-none-eabi/lib/thumb/v7e-m+fp/hard/libc_nano.a(lib_a-nano-vfprintf_i.o)
 .debug_frame   0x0000000000001544       0x5c /usr/local/Caskroom/gcc-arm-embedded/9-2019-q4-major/gcc-arm-none-eabi-9-2019-q4-major/bin/../lib/gcc/arm-none-eabi/9.2.1/../../../../arm-none-eabi/lib/thumb/v7e-m+fp/hard/libc_nano.a(lib_a-reent.o)
 .debug_frame   0x00000000000015a0       0x2c /usr/local/Caskroom/gcc-arm-embedded/9-2019-q4-major/gcc-arm-none-eabi-9-2019-q4-major/bin/../lib/gcc/arm-none-eabi/9.2.1/../../../../arm-none-eabi/lib/thumb/v7e-m+fp/hard/libc_nano.a(lib_a-sbrkr.o)
 .debug_frame   0x00000000000015cc       0x88 /usr/local/Caskroom/gcc-arm-embedded/9-2019-q4-major/gcc-arm-none-eabi-9-2019-q4-major/bin/../lib/gcc/arm-none-eabi/9.2.1/../../../../arm-none-eabi/lib/thumb/v7e-m+fp/hard/libc_nano.a(lib_a-stdio.o)
 .debug_frame   0x0000000000001654       0x40 /usr/local/Caskroom/gcc-arm-embedded/9-2019-q4-major/gcc-arm-none-eabi-9-2019-q4-major/bin/../lib/gcc/arm-none-eabi/9.2.1/../../../../arm-none-eabi/lib/thumb/v7e-m+fp/hard/libc_nano.a(lib_a-wbuf.o)
 .debug_frame   0x0000000000001694       0x2c /usr/local/Caskroom/gcc-arm-embedded/9-2019-q4-major/gcc-arm-none-eabi-9-2019-q4-major/bin/../lib/gcc/arm-none-eabi/9.2.1/../../../../arm-none-eabi/lib/thumb/v7e-m+fp/hard/libc_nano.a(lib_a-wsetup.o)
 .debug_frame   0x00000000000016c0       0x2c /usr/local/Caskroom/gcc-arm-embedded/9-2019-q4-major/gcc-arm-none-eabi-9-2019-q4-major/bin/../lib/gcc/arm-none-eabi/9.2.1/../../../../arm-none-eabi/lib/thumb/v7e-m+fp/hard/libc_nano.a(lib_a-closer.o)
 .debug_frame   0x00000000000016ec       0x5c /usr/local/Caskroom/gcc-arm-embedded/9-2019-q4-major/gcc-arm-none-eabi-9-2019-q4-major/bin/../lib/gcc/arm-none-eabi/9.2.1/../../../../arm-none-eabi/lib/thumb/v7e-m+fp/hard/libc_nano.a(lib_a-fflush.o)
 .debug_frame   0x0000000000001748       0x2c /usr/local/Caskroom/gcc-arm-embedded/9-2019-q4-major/gcc-arm-none-eabi-9-2019-q4-major/bin/../lib/gcc/arm-none-eabi/9.2.1/../../../../arm-none-eabi/lib/thumb/v7e-m+fp/hard/libc_nano.a(lib_a-lseekr.o)
 .debug_frame   0x0000000000001774       0x58 /usr/local/Caskroom/gcc-arm-embedded/9-2019-q4-major/gcc-arm-none-eabi-9-2019-q4-major/bin/../lib/gcc/arm-none-eabi/9.2.1/../../../../arm-none-eabi/lib/thumb/v7e-m+fp/hard/libc_nano.a(lib_a-makebuf.o)
 .debug_frame   0x00000000000017cc       0x30 /usr/local/Caskroom/gcc-arm-embedded/9-2019-q4-major/gcc-arm-none-eabi-9-2019-q4-major/bin/../lib/gcc/arm-none-eabi/9.2.1/../../../../arm-none-eabi/lib/thumb/v7e-m+fp/hard/libc_nano.a(lib_a-mlock.o)
 .debug_frame   0x00000000000017fc       0x38 /usr/local/Caskroom/gcc-arm-embedded/9-2019-q4-major/gcc-arm-none-eabi-9-2019-q4-major/bin/../lib/gcc/arm-none-eabi/9.2.1/../../../../arm-none-eabi/lib/thumb/v7e-m+fp/hard/libc_nano.a(lib_a-nano-freer.o)
 .debug_frame   0x0000000000001834       0x2c /usr/local/Caskroom/gcc-arm-embedded/9-2019-q4-major/gcc-arm-none-eabi-9-2019-q4-major/bin/../lib/gcc/arm-none-eabi/9.2.1/../../../../arm-none-eabi/lib/thumb/v7e-m+fp/hard/libc_nano.a(lib_a-readr.o)
 .debug_frame   0x0000000000001860       0x2c /usr/local/Caskroom/gcc-arm-embedded/9-2019-q4-major/gcc-arm-none-eabi-9-2019-q4-major/bin/../lib/gcc/arm-none-eabi/9.2.1/../../../../arm-none-eabi/lib/thumb/v7e-m+fp/hard/libc_nano.a(lib_a-fstatr.o)
 .debug_frame   0x000000000000188c       0x2c /usr/local/Caskroom/gcc-arm-embedded/9-2019-q4-major/gcc-arm-none-eabi-9-2019-q4-major/bin/../lib/gcc/arm-none-eabi/9.2.1/../../../../arm-none-eabi/lib/thumb/v7e-m+fp/hard/libc_nano.a(lib_a-isattyr.o)
 .debug_frame   0x00000000000018b8       0x20 /usr/local/Caskroom/gcc-arm-embedded/9-2019-q4-major/gcc-arm-none-eabi-9-2019-q4-major/bin/../lib/gcc/arm-none-eabi/9.2.1/../../../../arm-none-eabi/lib/thumb/v7e-m+fp/hard/libnosys.a(close.o)
 .debug_frame   0x00000000000018d8       0x20 /usr/local/Caskroom/gcc-arm-embedded/9-2019-q4-major/gcc-arm-none-eabi-9-2019-q4-major/bin/../lib/gcc/arm-none-eabi/9.2.1/../../../../arm-none-eabi/lib/thumb/v7e-m+fp/hard/libnosys.a(fstat.o)
 .debug_frame   0x00000000000018f8       0x20 /usr/local/Caskroom/gcc-arm-embedded/9-2019-q4-major/gcc-arm-none-eabi-9-2019-q4-major/bin/../lib/gcc/arm-none-eabi/9.2.1/../../../../arm-none-eabi/lib/thumb/v7e-m+fp/hard/libnosys.a(isatty.o)
 .debug_frame   0x0000000000001918       0x20 /usr/local/Caskroom/gcc-arm-embedded/9-2019-q4-major/gcc-arm-none-eabi-9-2019-q4-major/bin/../lib/gcc/arm-none-eabi/9.2.1/../../../../arm-none-eabi/lib/thumb/v7e-m+fp/hard/libnosys.a(lseek.o)
 .debug_frame   0x0000000000001938       0x20 /usr/local/Caskroom/gcc-arm-embedded/9-2019-q4-major/gcc-arm-none-eabi-9-2019-q4-major/bin/../lib/gcc/arm-none-eabi/9.2.1/../../../../arm-none-eabi/lib/thumb/v7e-m+fp/hard/libnosys.a(read.o)
 .debug_frame   0x0000000000001958       0x20 /usr/local/Caskroom/gcc-arm-embedded/9-2019-q4-major/gcc-arm-none-eabi-9-2019-q4-major/bin/../lib/gcc/arm-none-eabi/9.2.1/../../../../arm-none-eabi/lib/thumb/v7e-m+fp/hard/libnosys.a(sbrk.o)

.debug_info     0x0000000000000000    0x2e212
 .debug_info    0x0000000000000000     0x226f _build/nrf52840_xxaa_nrf_log_backend_serial.c.o
 .debug_info    0x000000000000226f     0x202f _build/nrf52840_xxaa_nrf_log_frontend.c.o
 .debug_info    0x000000000000429e      0xc96 _build/nrf52840_xxaa_app_error.c.o
 .debug_info    0x0000000000004f34      0xcf8 _build/nrf52840_xxaa_app_error_weak.c.o
 .debug_info    0x0000000000005c2c      0xb29 _build/nrf52840_xxaa_app_util_platform.c.o
 .debug_info    0x0000000000006755     0x2a03 _build/nrf52840_xxaa_app_timer.c.o
 .debug_info    0x0000000000009158     0x226a _build/nrf52840_xxaa_nrf_drv_timer.c.o
 .debug_info    0x000000000000b3c2     0x5a0c _build/nrf52840_xxaa_nrf_drv_uart.c.o
 .debug_info    0x0000000000010dce      0xf5b _build/nrf52840_xxaa_nrf_drv_common.c.o
 .debug_info    0x0000000000011d29      0xba4 _build/nrf52840_xxaa_RTT_Syscalls_GCC.c.o
 .debug_info    0x00000000000128cd     0x3294 _build/nrf52840_xxaa_SEGGER_RTT.c.o
 .debug_info    0x0000000000015b61     0x5be3 _build/nrf52840_xxaa_Mnist-Keras.cpp.o
 .debug_info    0x000000000001b744     0x1835 _build/nrf52840_xxaa_arm_q7_to_q15_reordered_no_shift.c.o
 .debug_info    0x000000000001cf79     0x2644 _build/nrf52840_xxaa_arm_nn_mat_mult_kernel_q7_q15.c.o
 .debug_info    0x000000000001f5bd     0x202d _build/nrf52840_xxaa_arm_convolve_HWC_q7_fast.c.o
 .debug_info    0x00000000000215ea     0x20de _build/nrf52840_xxaa_arm_nn_mat_mult_kernel_q7_q15_reordered.c.o
 .debug_info    0x00000000000236c8     0x18c7 _build/nrf52840_xxaa_arm_relu_q7.c.o
 .debug_info    0x0000000000024f8f     0x1f98 _build/nrf52840_xxaa_arm_convolve_HWC_q7_RGB.c.o
 .debug_info    0x0000000000026f27     0x256d _build/nrf52840_xxaa_arm_fully_connected_q7_opt.c.o
 .debug_info    0x0000000000029494     0x20d5 _build/nrf52840_xxaa_arm_pool_q7_HWC.c.o
 .debug_info    0x000000000002b569     0x17b6 _build/nrf52840_xxaa_arm_softmax_q7.c.o
 .debug_info    0x000000000002cd1f      0xa1f _build/nrf52840_xxaa_arm_max_q7.c.o
 .debug_info    0x000000000002d73e      0xad4 _build/nrf52840_xxaa_system_nrf52840.c.o

.debug_abbrev   0x0000000000000000     0x5196
 .debug_abbrev  0x0000000000000000      0x533 _build/nrf52840_xxaa_nrf_log_backend_serial.c.o
 .debug_abbrev  0x0000000000000533      0x4a1 _build/nrf52840_xxaa_nrf_log_frontend.c.o
 .debug_abbrev  0x00000000000009d4      0x276 _build/nrf52840_xxaa_app_error.c.o
 .debug_abbrev  0x0000000000000c4a      0x29e _build/nrf52840_xxaa_app_error_weak.c.o
 .debug_abbrev  0x0000000000000ee8      0x28b _build/nrf52840_xxaa_app_util_platform.c.o
 .debug_abbrev  0x0000000000001173      0x532 _build/nrf52840_xxaa_app_timer.c.o
 .debug_abbrev  0x00000000000016a5      0x504 _build/nrf52840_xxaa_nrf_drv_timer.c.o
 .debug_abbrev  0x0000000000001ba9      0x50c _build/nrf52840_xxaa_nrf_drv_uart.c.o
 .debug_abbrev  0x00000000000020b5      0x2b7 _build/nrf52840_xxaa_nrf_drv_common.c.o
 .debug_abbrev  0x000000000000236c      0x22f _build/nrf52840_xxaa_RTT_Syscalls_GCC.c.o
 .debug_abbrev  0x000000000000259b      0x42e _build/nrf52840_xxaa_SEGGER_RTT.c.o
 .debug_abbrev  0x00000000000029c9      0x58b _build/nrf52840_xxaa_Mnist-Keras.cpp.o
 .debug_abbrev  0x0000000000002f54      0x2fe _build/nrf52840_xxaa_arm_q7_to_q15_reordered_no_shift.c.o
 .debug_abbrev  0x0000000000003252      0x382 _build/nrf52840_xxaa_arm_nn_mat_mult_kernel_q7_q15.c.o
 .debug_abbrev  0x00000000000035d4      0x39a _build/nrf52840_xxaa_arm_convolve_HWC_q7_fast.c.o
 .debug_abbrev  0x000000000000396e      0x362 _build/nrf52840_xxaa_arm_nn_mat_mult_kernel_q7_q15_reordered.c.o
 .debug_abbrev  0x0000000000003cd0      0x319 _build/nrf52840_xxaa_arm_relu_q7.c.o
 .debug_abbrev  0x0000000000003fe9      0x3c5 _build/nrf52840_xxaa_arm_convolve_HWC_q7_RGB.c.o
 .debug_abbrev  0x00000000000043ae      0x3d2 _build/nrf52840_xxaa_arm_fully_connected_q7_opt.c.o
 .debug_abbrev  0x0000000000004780      0x3fb _build/nrf52840_xxaa_arm_pool_q7_HWC.c.o
 .debug_abbrev  0x0000000000004b7b      0x228 _build/nrf52840_xxaa_arm_softmax_q7.c.o
 .debug_abbrev  0x0000000000004da3      0x20e _build/nrf52840_xxaa_arm_max_q7.c.o
 .debug_abbrev  0x0000000000004fb1      0x1e5 _build/nrf52840_xxaa_system_nrf52840.c.o

.debug_loc      0x0000000000000000    0x13e2d
 .debug_loc     0x0000000000000000     0x109c _build/nrf52840_xxaa_nrf_log_backend_serial.c.o
 .debug_loc     0x000000000000109c     0x1d80 _build/nrf52840_xxaa_nrf_log_frontend.c.o
 .debug_loc     0x0000000000002e1c      0x13e _build/nrf52840_xxaa_app_error.c.o
 .debug_loc     0x0000000000002f5a       0x6f _build/nrf52840_xxaa_app_error_weak.c.o
 .debug_loc     0x0000000000002fc9     0x13fa _build/nrf52840_xxaa_app_timer.c.o
 .debug_loc     0x00000000000043c3      0xb59 _build/nrf52840_xxaa_nrf_drv_timer.c.o
 .debug_loc     0x0000000000004f1c     0x31a5 _build/nrf52840_xxaa_nrf_drv_uart.c.o
 .debug_loc     0x00000000000080c1      0x124 _build/nrf52840_xxaa_nrf_drv_common.c.o
 .debug_loc     0x00000000000081e5      0x10a _build/nrf52840_xxaa_RTT_Syscalls_GCC.c.o
 .debug_loc     0x00000000000082ef     0x5000 _build/nrf52840_xxaa_SEGGER_RTT.c.o
 .debug_loc     0x000000000000d2ef      0x20c _build/nrf52840_xxaa_Mnist-Keras.cpp.o
 .debug_loc     0x000000000000d4fb      0x313 _build/nrf52840_xxaa_arm_q7_to_q15_reordered_no_shift.c.o
 .debug_loc     0x000000000000d80e     0x1660 _build/nrf52840_xxaa_arm_nn_mat_mult_kernel_q7_q15.c.o
 .debug_loc     0x000000000000ee6e      0xeb5 _build/nrf52840_xxaa_arm_convolve_HWC_q7_fast.c.o
 .debug_loc     0x000000000000fd23      0xf44 _build/nrf52840_xxaa_arm_nn_mat_mult_kernel_q7_q15_reordered.c.o
 .debug_loc     0x0000000000010c67      0x21a _build/nrf52840_xxaa_arm_relu_q7.c.o
 .debug_loc     0x0000000000010e81      0xbe8 _build/nrf52840_xxaa_arm_convolve_HWC_q7_RGB.c.o
 .debug_loc     0x0000000000011a69     0x1311 _build/nrf52840_xxaa_arm_fully_connected_q7_opt.c.o
 .debug_loc     0x0000000000012d7a      0xd29 _build/nrf52840_xxaa_arm_pool_q7_HWC.c.o
 .debug_loc     0x0000000000013aa3      0x216 _build/nrf52840_xxaa_arm_softmax_q7.c.o
 .debug_loc     0x0000000000013cb9      0x174 _build/nrf52840_xxaa_arm_max_q7.c.o

.debug_aranges  0x0000000000000000      0x560
 .debug_aranges
                0x0000000000000000       0x50 _build/nrf52840_xxaa_nrf_log_backend_serial.c.o
 .debug_aranges
                0x0000000000000050       0x98 _build/nrf52840_xxaa_nrf_log_frontend.c.o
 .debug_aranges
                0x00000000000000e8       0x30 _build/nrf52840_xxaa_app_error.c.o
 .debug_aranges
                0x0000000000000118       0x20 _build/nrf52840_xxaa_app_error_weak.c.o
 .debug_aranges
                0x0000000000000138       0x38 _build/nrf52840_xxaa_app_util_platform.c.o
 .debug_aranges
                0x0000000000000170       0x60 _build/nrf52840_xxaa_app_timer.c.o
 .debug_aranges
                0x00000000000001d0       0x88 _build/nrf52840_xxaa_nrf_drv_timer.c.o
 .debug_aranges
                0x0000000000000258       0x70 _build/nrf52840_xxaa_nrf_drv_uart.c.o
 .debug_aranges
                0x00000000000002c8       0x20 _build/nrf52840_xxaa_nrf_drv_common.c.o
 .debug_aranges
                0x00000000000002e8       0x28 _build/nrf52840_xxaa_RTT_Syscalls_GCC.c.o
 .debug_aranges
                0x0000000000000310       0xa0 _build/nrf52840_xxaa_SEGGER_RTT.c.o
 .debug_aranges
                0x00000000000003b0       0x30 _build/nrf52840_xxaa_Mnist-Keras.cpp.o
 .debug_aranges
                0x00000000000003e0       0x20 _build/nrf52840_xxaa_arm_q7_to_q15_reordered_no_shift.c.o
 .debug_aranges
                0x0000000000000400       0x20 _build/nrf52840_xxaa_arm_nn_mat_mult_kernel_q7_q15.c.o
 .debug_aranges
                0x0000000000000420       0x20 _build/nrf52840_xxaa_arm_convolve_HWC_q7_fast.c.o
 .debug_aranges
                0x0000000000000440       0x20 _build/nrf52840_xxaa_arm_nn_mat_mult_kernel_q7_q15_reordered.c.o
 .debug_aranges
                0x0000000000000460       0x20 _build/nrf52840_xxaa_arm_relu_q7.c.o
 .debug_aranges
                0x0000000000000480       0x20 _build/nrf52840_xxaa_arm_convolve_HWC_q7_RGB.c.o
 .debug_aranges
                0x00000000000004a0       0x20 _build/nrf52840_xxaa_arm_fully_connected_q7_opt.c.o
 .debug_aranges
                0x00000000000004c0       0x38 _build/nrf52840_xxaa_arm_pool_q7_HWC.c.o
 .debug_aranges
                0x00000000000004f8       0x20 _build/nrf52840_xxaa_arm_softmax_q7.c.o
 .debug_aranges
                0x0000000000000518       0x20 _build/nrf52840_xxaa_arm_max_q7.c.o
 .debug_aranges
                0x0000000000000538       0x28 _build/nrf52840_xxaa_system_nrf52840.c.o

.debug_ranges   0x0000000000000000     0x3308
 .debug_ranges  0x0000000000000000      0x1b8 _build/nrf52840_xxaa_nrf_log_backend_serial.c.o
 .debug_ranges  0x00000000000001b8      0x3f8 _build/nrf52840_xxaa_nrf_log_frontend.c.o
 .debug_ranges  0x00000000000005b0       0x20 _build/nrf52840_xxaa_app_error.c.o
 .debug_ranges  0x00000000000005d0       0x10 _build/nrf52840_xxaa_app_error_weak.c.o
 .debug_ranges  0x00000000000005e0       0x28 _build/nrf52840_xxaa_app_util_platform.c.o
 .debug_ranges  0x0000000000000608      0x780 _build/nrf52840_xxaa_app_timer.c.o
 .debug_ranges  0x0000000000000d88      0x330 _build/nrf52840_xxaa_nrf_drv_timer.c.o
 .debug_ranges  0x00000000000010b8      0xa10 _build/nrf52840_xxaa_nrf_drv_uart.c.o
 .debug_ranges  0x0000000000001ac8       0x98 _build/nrf52840_xxaa_nrf_drv_common.c.o
 .debug_ranges  0x0000000000001b60       0x18 _build/nrf52840_xxaa_RTT_Syscalls_GCC.c.o
 .debug_ranges  0x0000000000001b78      0x628 _build/nrf52840_xxaa_SEGGER_RTT.c.o
 .debug_ranges  0x00000000000021a0       0xa0 _build/nrf52840_xxaa_Mnist-Keras.cpp.o
 .debug_ranges  0x0000000000002240       0x58 _build/nrf52840_xxaa_arm_q7_to_q15_reordered_no_shift.c.o
 .debug_ranges  0x0000000000002298      0x490 _build/nrf52840_xxaa_arm_nn_mat_mult_kernel_q7_q15.c.o
 .debug_ranges  0x0000000000002728      0x128 _build/nrf52840_xxaa_arm_convolve_HWC_q7_fast.c.o
 .debug_ranges  0x0000000000002850      0x2f0 _build/nrf52840_xxaa_arm_nn_mat_mult_kernel_q7_q15_reordered.c.o
 .debug_ranges  0x0000000000002b40       0x78 _build/nrf52840_xxaa_arm_relu_q7.c.o
 .debug_ranges  0x0000000000002bb8      0x1d0 _build/nrf52840_xxaa_arm_convolve_HWC_q7_RGB.c.o
 .debug_ranges  0x0000000000002d88      0x330 _build/nrf52840_xxaa_arm_fully_connected_q7_opt.c.o
 .debug_ranges  0x00000000000030b8      0x1f8 _build/nrf52840_xxaa_arm_pool_q7_HWC.c.o
 .debug_ranges  0x00000000000032b0       0x10 _build/nrf52840_xxaa_arm_softmax_q7.c.o
 .debug_ranges  0x00000000000032c0       0x10 _build/nrf52840_xxaa_arm_max_q7.c.o
 .debug_ranges  0x00000000000032d0       0x38 _build/nrf52840_xxaa_system_nrf52840.c.o

.debug_macro    0x0000000000000000    0x1b701
 .debug_macro   0x0000000000000000      0x351 _build/nrf52840_xxaa_nrf_log_backend_serial.c.o
 .debug_macro   0x0000000000000351      0xac6 _build/nrf52840_xxaa_nrf_log_backend_serial.c.o
 .debug_macro   0x0000000000000e17       0x22 _build/nrf52840_xxaa_nrf_log_backend_serial.c.o
 .debug_macro   0x0000000000000e39       0x56 _build/nrf52840_xxaa_nrf_log_backend_serial.c.o
 .debug_macro   0x0000000000000e8f       0x51 _build/nrf52840_xxaa_nrf_log_backend_serial.c.o
 .debug_macro   0x0000000000000ee0       0xef _build/nrf52840_xxaa_nrf_log_backend_serial.c.o
 .debug_macro   0x0000000000000fcf       0x6a _build/nrf52840_xxaa_nrf_log_backend_serial.c.o
 .debug_macro   0x0000000000001039      0x1df _build/nrf52840_xxaa_nrf_log_backend_serial.c.o
 .debug_macro   0x0000000000001218       0x22 _build/nrf52840_xxaa_nrf_log_backend_serial.c.o
 .debug_macro   0x000000000000123a       0x5e _build/nrf52840_xxaa_nrf_log_backend_serial.c.o
 .debug_macro   0x0000000000001298       0x18 _build/nrf52840_xxaa_nrf_log_backend_serial.c.o
 .debug_macro   0x00000000000012b0       0x35 _build/nrf52840_xxaa_nrf_log_backend_serial.c.o
 .debug_macro   0x00000000000012e5       0x34 _build/nrf52840_xxaa_nrf_log_backend_serial.c.o
 .debug_macro   0x0000000000001319      0x16d _build/nrf52840_xxaa_nrf_log_backend_serial.c.o
 .debug_macro   0x0000000000001486       0x58 _build/nrf52840_xxaa_nrf_log_backend_serial.c.o
 .debug_macro   0x00000000000014de       0x1f _build/nrf52840_xxaa_nrf_log_backend_serial.c.o
 .debug_macro   0x00000000000014fd       0x43 _build/nrf52840_xxaa_nrf_log_backend_serial.c.o
 .debug_macro   0x0000000000001540       0x20 _build/nrf52840_xxaa_nrf_log_backend_serial.c.o